DEBUG:urllib3.connectionpool:https://huggingface.co:443 "HEAD /datasets/wikitext/resolve/main/README.md HTTP/1.1" 307 0
DEBUG:urllib3.connectionpool:https://huggingface.co:443 "HEAD /datasets/Salesforce/wikitext/resolve/main/README.md HTTP/1.1" 200 0
DEBUG:urllib3.connectionpool:https://huggingface.co:443 "HEAD /datasets/wikitext/resolve/b08601e04326c79dfdd32d625aee71d232d685c3/wikitext.py HTTP/1.1" 307 0
DEBUG:urllib3.connectionpool:https://huggingface.co:443 "HEAD /datasets/Salesforce/wikitext/resolve/b08601e04326c79dfdd32d625aee71d232d685c3/wikitext.py HTTP/1.1" 404 0
DEBUG:urllib3.connectionpool:Starting new HTTPS connection (1): s3.amazonaws.com:443
DEBUG:urllib3.connectionpool:https://s3.amazonaws.com:443 "HEAD /datasets.huggingface.co/datasets/datasets/wikitext/wikitext.py HTTP/1.1" 200 0
DEBUG:urllib3.connectionpool:https://huggingface.co:443 "GET /api/datasets/wikitext/revision/b08601e04326c79dfdd32d625aee71d232d685c3 HTTP/1.1" 307 118
DEBUG:urllib3.connectionpool:https://huggingface.co:443 "GET /api/datasets/Salesforce/wikitext/revision/b08601e04326c79dfdd32d625aee71d232d685c3 HTTP/1.1" 200 5016
DEBUG:urllib3.connectionpool:https://huggingface.co:443 "HEAD /datasets/wikitext/resolve/b08601e04326c79dfdd32d625aee71d232d685c3/.huggingface.yaml HTTP/1.1" 307 0
DEBUG:urllib3.connectionpool:https://huggingface.co:443 "HEAD /datasets/Salesforce/wikitext/resolve/b08601e04326c79dfdd32d625aee71d232d685c3/.huggingface.yaml HTTP/1.1" 404 0
DEBUG:urllib3.connectionpool:Starting new HTTPS connection (1): datasets-server.huggingface.co:443
DEBUG:urllib3.connectionpool:https://datasets-server.huggingface.co:443 "GET /info?dataset=wikitext HTTP/1.1" 404 None
DEBUG:urllib3.connectionpool:https://huggingface.co:443 "GET /api/datasets/wikitext/revision/b08601e04326c79dfdd32d625aee71d232d685c3 HTTP/1.1" 307 118
DEBUG:urllib3.connectionpool:https://huggingface.co:443 "GET /api/datasets/Salesforce/wikitext/revision/b08601e04326c79dfdd32d625aee71d232d685c3 HTTP/1.1" 200 5016
DEBUG:urllib3.connectionpool:https://huggingface.co:443 "GET /api/datasets/wikitext/tree/b08601e04326c79dfdd32d625aee71d232d685c3?recursive=False&expand=False HTTP/1.1" 307 143
DEBUG:urllib3.connectionpool:https://huggingface.co:443 "GET /api/datasets/Salesforce/wikitext/tree/b08601e04326c79dfdd32d625aee71d232d685c3?recursive=False&expand=False HTTP/1.1" 200 619
DEBUG:urllib3.connectionpool:https://huggingface.co:443 "POST /api/datasets/wikitext/paths-info/b08601e04326c79dfdd32d625aee71d232d685c3 HTTP/1.1" 307 120
DEBUG:urllib3.connectionpool:https://huggingface.co:443 "POST /api/datasets/Salesforce/wikitext/paths-info/b08601e04326c79dfdd32d625aee71d232d685c3 HTTP/1.1" 200 250
DEBUG:urllib3.connectionpool:https://huggingface.co:443 "GET /api/datasets/wikitext/tree/b08601e04326c79dfdd32d625aee71d232d685c3/wikitext-103-raw-v1?recursive=False&expand=False HTTP/1.1" 307 163
DEBUG:urllib3.connectionpool:https://huggingface.co:443 "GET /api/datasets/Salesforce/wikitext/tree/b08601e04326c79dfdd32d625aee71d232d685c3/wikitext-103-raw-v1?recursive=False&expand=False HTTP/1.1" 200 1017
DEBUG:urllib3.connectionpool:Starting new HTTPS connection (1): huggingface.co:443
DEBUG:urllib3.connectionpool:https://huggingface.co:443 "GET /api/datasets/wikitext/revision/b08601e04326c79dfdd32d625aee71d232d685c3 HTTP/1.1" 307 118
DEBUG:urllib3.connectionpool:https://huggingface.co:443 "GET /api/datasets/Salesforce/wikitext/revision/b08601e04326c79dfdd32d625aee71d232d685c3 HTTP/1.1" 200 5016
DEBUG:urllib3.connectionpool:https://huggingface.co:443 "POST /api/datasets/wikitext/paths-info/b08601e04326c79dfdd32d625aee71d232d685c3 HTTP/1.1" 307 120
DEBUG:urllib3.connectionpool:https://huggingface.co:443 "POST /api/datasets/Salesforce/wikitext/paths-info/b08601e04326c79dfdd32d625aee71d232d685c3 HTTP/1.1" 200 250
DEBUG:urllib3.connectionpool:https://huggingface.co:443 "POST /api/datasets/wikitext/paths-info/b08601e04326c79dfdd32d625aee71d232d685c3 HTTP/1.1" 307 120
DEBUG:urllib3.connectionpool:https://huggingface.co:443 "POST /api/datasets/Salesforce/wikitext/paths-info/b08601e04326c79dfdd32d625aee71d232d685c3 HTTP/1.1" 200 250
DEBUG:urllib3.connectionpool:https://huggingface.co:443 "HEAD /datasets/wikitext/resolve/b08601e04326c79dfdd32d625aee71d232d685c3/dataset_infos.json HTTP/1.1" 307 0
DEBUG:urllib3.connectionpool:https://huggingface.co:443 "HEAD /datasets/Salesforce/wikitext/resolve/b08601e04326c79dfdd32d625aee71d232d685c3/dataset_infos.json HTTP/1.1" 404 0
DEBUG:urllib3.connectionpool:https://huggingface.co:443 "POST /api/datasets/wikitext/paths-info/b08601e04326c79dfdd32d625aee71d232d685c3 HTTP/1.1" 307 120
DEBUG:urllib3.connectionpool:https://huggingface.co:443 "POST /api/datasets/Salesforce/wikitext/paths-info/b08601e04326c79dfdd32d625aee71d232d685c3 HTTP/1.1" 200 248
DEBUG:urllib3.connectionpool:https://huggingface.co:443 "GET /api/datasets/wikitext/tree/b08601e04326c79dfdd32d625aee71d232d685c3/wikitext-2-raw-v1?recursive=False&expand=False HTTP/1.1" 307 161
DEBUG:urllib3.connectionpool:https://huggingface.co:443 "GET /api/datasets/Salesforce/wikitext/tree/b08601e04326c79dfdd32d625aee71d232d685c3/wikitext-2-raw-v1?recursive=False&expand=False HTTP/1.1" 200 751
DEBUG:urllib3.connectionpool:https://huggingface.co:443 "POST /api/datasets/wikitext/paths-info/b08601e04326c79dfdd32d625aee71d232d685c3 HTTP/1.1" 307 120
DEBUG:urllib3.connectionpool:https://huggingface.co:443 "POST /api/datasets/Salesforce/wikitext/paths-info/b08601e04326c79dfdd32d625aee71d232d685c3 HTTP/1.1" 200 248
DEBUG:urllib3.connectionpool:https://huggingface.co:443 "POST /api/datasets/wikitext/paths-info/b08601e04326c79dfdd32d625aee71d232d685c3 HTTP/1.1" 307 120
DEBUG:urllib3.connectionpool:https://huggingface.co:443 "POST /api/datasets/Salesforce/wikitext/paths-info/b08601e04326c79dfdd32d625aee71d232d685c3 HTTP/1.1" 200 248
DEBUG:filelock:Attempting to acquire lock 140179617166672 on /home/intern/.cache/huggingface/datasets/_home_intern_.cache_huggingface_datasets_wikitext_wikitext-2-raw-v1_0.0.0_b08601e04326c79dfdd32d625aee71d232d685c3.lock
DEBUG:filelock:Lock 140179617166672 acquired on /home/intern/.cache/huggingface/datasets/_home_intern_.cache_huggingface_datasets_wikitext_wikitext-2-raw-v1_0.0.0_b08601e04326c79dfdd32d625aee71d232d685c3.lock
DEBUG:fsspec.local:open file: /home/intern/.cache/huggingface/datasets/wikitext/wikitext-2-raw-v1/0.0.0/b08601e04326c79dfdd32d625aee71d232d685c3/dataset_info.json
DEBUG:filelock:Attempting to release lock 140179617166672 on /home/intern/.cache/huggingface/datasets/_home_intern_.cache_huggingface_datasets_wikitext_wikitext-2-raw-v1_0.0.0_b08601e04326c79dfdd32d625aee71d232d685c3.lock
DEBUG:filelock:Lock 140179617166672 released on /home/intern/.cache/huggingface/datasets/_home_intern_.cache_huggingface_datasets_wikitext_wikitext-2-raw-v1_0.0.0_b08601e04326c79dfdd32d625aee71d232d685c3.lock
DEBUG:filelock:Attempting to acquire lock 140179097323120 on /home/intern/.cache/huggingface/datasets/wikitext/wikitext-2-raw-v1/0.0.0/b08601e04326c79dfdd32d625aee71d232d685c3_builder.lock
DEBUG:filelock:Lock 140179097323120 acquired on /home/intern/.cache/huggingface/datasets/wikitext/wikitext-2-raw-v1/0.0.0/b08601e04326c79dfdd32d625aee71d232d685c3_builder.lock
DEBUG:fsspec.local:open file: /home/intern/.cache/huggingface/datasets/wikitext/wikitext-2-raw-v1/0.0.0/b08601e04326c79dfdd32d625aee71d232d685c3/dataset_info.json
DEBUG:filelock:Attempting to release lock 140179097323120 on /home/intern/.cache/huggingface/datasets/wikitext/wikitext-2-raw-v1/0.0.0/b08601e04326c79dfdd32d625aee71d232d685c3_builder.lock
DEBUG:filelock:Lock 140179097323120 released on /home/intern/.cache/huggingface/datasets/wikitext/wikitext-2-raw-v1/0.0.0/b08601e04326c79dfdd32d625aee71d232d685c3_builder.lock
DEBUG:urllib3.connectionpool:https://huggingface.co:443 "HEAD /datasets/wikitext/resolve/main/README.md HTTP/1.1" 307 0
DEBUG:urllib3.connectionpool:https://huggingface.co:443 "HEAD /datasets/Salesforce/wikitext/resolve/main/README.md HTTP/1.1" 200 0
DEBUG:urllib3.connectionpool:https://huggingface.co:443 "HEAD /datasets/wikitext/resolve/b08601e04326c79dfdd32d625aee71d232d685c3/wikitext.py HTTP/1.1" 307 0
DEBUG:urllib3.connectionpool:https://huggingface.co:443 "HEAD /datasets/Salesforce/wikitext/resolve/b08601e04326c79dfdd32d625aee71d232d685c3/wikitext.py HTTP/1.1" 404 0
DEBUG:urllib3.connectionpool:https://s3.amazonaws.com:443 "HEAD /datasets.huggingface.co/datasets/datasets/wikitext/wikitext.py HTTP/1.1" 200 0
DEBUG:urllib3.connectionpool:https://huggingface.co:443 "HEAD /datasets/wikitext/resolve/b08601e04326c79dfdd32d625aee71d232d685c3/.huggingface.yaml HTTP/1.1" 307 0
DEBUG:urllib3.connectionpool:https://huggingface.co:443 "HEAD /datasets/Salesforce/wikitext/resolve/b08601e04326c79dfdd32d625aee71d232d685c3/.huggingface.yaml HTTP/1.1" 404 0
DEBUG:urllib3.connectionpool:https://datasets-server.huggingface.co:443 "GET /info?dataset=wikitext HTTP/1.1" 404 None
DEBUG:urllib3.connectionpool:https://huggingface.co:443 "POST /api/datasets/wikitext/paths-info/b08601e04326c79dfdd32d625aee71d232d685c3 HTTP/1.1" 307 120
DEBUG:urllib3.connectionpool:https://huggingface.co:443 "POST /api/datasets/Salesforce/wikitext/paths-info/b08601e04326c79dfdd32d625aee71d232d685c3 HTTP/1.1" 200 250
DEBUG:urllib3.connectionpool:Starting new HTTPS connection (1): huggingface.co:443
DEBUG:urllib3.connectionpool:https://huggingface.co:443 "GET /api/datasets/wikitext/revision/b08601e04326c79dfdd32d625aee71d232d685c3 HTTP/1.1" 307 118
DEBUG:urllib3.connectionpool:https://huggingface.co:443 "GET /api/datasets/Salesforce/wikitext/revision/b08601e04326c79dfdd32d625aee71d232d685c3 HTTP/1.1" 200 5016
DEBUG:urllib3.connectionpool:https://huggingface.co:443 "POST /api/datasets/wikitext/paths-info/b08601e04326c79dfdd32d625aee71d232d685c3 HTTP/1.1" 307 120
DEBUG:urllib3.connectionpool:https://huggingface.co:443 "POST /api/datasets/Salesforce/wikitext/paths-info/b08601e04326c79dfdd32d625aee71d232d685c3 HTTP/1.1" 200 250
DEBUG:urllib3.connectionpool:https://huggingface.co:443 "POST /api/datasets/wikitext/paths-info/b08601e04326c79dfdd32d625aee71d232d685c3 HTTP/1.1" 307 120
DEBUG:urllib3.connectionpool:https://huggingface.co:443 "POST /api/datasets/Salesforce/wikitext/paths-info/b08601e04326c79dfdd32d625aee71d232d685c3 HTTP/1.1" 200 250
DEBUG:urllib3.connectionpool:https://huggingface.co:443 "HEAD /datasets/wikitext/resolve/b08601e04326c79dfdd32d625aee71d232d685c3/dataset_infos.json HTTP/1.1" 307 0
DEBUG:urllib3.connectionpool:https://huggingface.co:443 "HEAD /datasets/Salesforce/wikitext/resolve/b08601e04326c79dfdd32d625aee71d232d685c3/dataset_infos.json HTTP/1.1" 404 0
DEBUG:urllib3.connectionpool:https://huggingface.co:443 "POST /api/datasets/wikitext/paths-info/b08601e04326c79dfdd32d625aee71d232d685c3 HTTP/1.1" 307 120
DEBUG:urllib3.connectionpool:https://huggingface.co:443 "POST /api/datasets/Salesforce/wikitext/paths-info/b08601e04326c79dfdd32d625aee71d232d685c3 HTTP/1.1" 200 248
DEBUG:urllib3.connectionpool:https://huggingface.co:443 "POST /api/datasets/wikitext/paths-info/b08601e04326c79dfdd32d625aee71d232d685c3 HTTP/1.1" 307 120
DEBUG:urllib3.connectionpool:https://huggingface.co:443 "POST /api/datasets/Salesforce/wikitext/paths-info/b08601e04326c79dfdd32d625aee71d232d685c3 HTTP/1.1" 200 248
DEBUG:urllib3.connectionpool:https://huggingface.co:443 "POST /api/datasets/wikitext/paths-info/b08601e04326c79dfdd32d625aee71d232d685c3 HTTP/1.1" 307 120
DEBUG:urllib3.connectionpool:https://huggingface.co:443 "POST /api/datasets/Salesforce/wikitext/paths-info/b08601e04326c79dfdd32d625aee71d232d685c3 HTTP/1.1" 200 248
DEBUG:filelock:Attempting to acquire lock 140163194090880 on /home/intern/.cache/huggingface/datasets/_home_intern_.cache_huggingface_datasets_wikitext_wikitext-2-raw-v1_0.0.0_b08601e04326c79dfdd32d625aee71d232d685c3.lock
DEBUG:filelock:Lock 140163194090880 acquired on /home/intern/.cache/huggingface/datasets/_home_intern_.cache_huggingface_datasets_wikitext_wikitext-2-raw-v1_0.0.0_b08601e04326c79dfdd32d625aee71d232d685c3.lock
DEBUG:fsspec.local:open file: /home/intern/.cache/huggingface/datasets/wikitext/wikitext-2-raw-v1/0.0.0/b08601e04326c79dfdd32d625aee71d232d685c3/dataset_info.json
DEBUG:filelock:Attempting to release lock 140163194090880 on /home/intern/.cache/huggingface/datasets/_home_intern_.cache_huggingface_datasets_wikitext_wikitext-2-raw-v1_0.0.0_b08601e04326c79dfdd32d625aee71d232d685c3.lock
DEBUG:filelock:Lock 140163194090880 released on /home/intern/.cache/huggingface/datasets/_home_intern_.cache_huggingface_datasets_wikitext_wikitext-2-raw-v1_0.0.0_b08601e04326c79dfdd32d625aee71d232d685c3.lock
DEBUG:filelock:Attempting to acquire lock 140163194092416 on /home/intern/.cache/huggingface/datasets/wikitext/wikitext-2-raw-v1/0.0.0/b08601e04326c79dfdd32d625aee71d232d685c3_builder.lock
DEBUG:filelock:Lock 140163194092416 acquired on /home/intern/.cache/huggingface/datasets/wikitext/wikitext-2-raw-v1/0.0.0/b08601e04326c79dfdd32d625aee71d232d685c3_builder.lock
DEBUG:fsspec.local:open file: /home/intern/.cache/huggingface/datasets/wikitext/wikitext-2-raw-v1/0.0.0/b08601e04326c79dfdd32d625aee71d232d685c3/dataset_info.json
DEBUG:filelock:Attempting to release lock 140163194092416 on /home/intern/.cache/huggingface/datasets/wikitext/wikitext-2-raw-v1/0.0.0/b08601e04326c79dfdd32d625aee71d232d685c3_builder.lock
DEBUG:filelock:Lock 140163194092416 released on /home/intern/.cache/huggingface/datasets/wikitext/wikitext-2-raw-v1/0.0.0/b08601e04326c79dfdd32d625aee71d232d685c3_builder.lock
INFO:__main__:wikitext2 perplexity: 5.47
DEBUG:urllib3.connectionpool:https://huggingface.co:443 "HEAD /datasets/wikitext/resolve/main/README.md HTTP/1.1" 307 0
DEBUG:urllib3.connectionpool:https://huggingface.co:443 "HEAD /datasets/Salesforce/wikitext/resolve/main/README.md HTTP/1.1" 200 0
DEBUG:urllib3.connectionpool:https://huggingface.co:443 "HEAD /datasets/wikitext/resolve/b08601e04326c79dfdd32d625aee71d232d685c3/wikitext.py HTTP/1.1" 307 0
DEBUG:urllib3.connectionpool:https://huggingface.co:443 "HEAD /datasets/Salesforce/wikitext/resolve/b08601e04326c79dfdd32d625aee71d232d685c3/wikitext.py HTTP/1.1" 404 0
DEBUG:urllib3.connectionpool:Starting new HTTPS connection (1): s3.amazonaws.com:443
DEBUG:urllib3.connectionpool:https://s3.amazonaws.com:443 "HEAD /datasets.huggingface.co/datasets/datasets/wikitext/wikitext.py HTTP/1.1" 200 0
DEBUG:urllib3.connectionpool:https://huggingface.co:443 "GET /api/datasets/wikitext/revision/b08601e04326c79dfdd32d625aee71d232d685c3 HTTP/1.1" 307 118
DEBUG:urllib3.connectionpool:https://huggingface.co:443 "GET /api/datasets/Salesforce/wikitext/revision/b08601e04326c79dfdd32d625aee71d232d685c3 HTTP/1.1" 200 5016
DEBUG:urllib3.connectionpool:https://huggingface.co:443 "HEAD /datasets/wikitext/resolve/b08601e04326c79dfdd32d625aee71d232d685c3/.huggingface.yaml HTTP/1.1" 307 0
DEBUG:urllib3.connectionpool:https://huggingface.co:443 "HEAD /datasets/Salesforce/wikitext/resolve/b08601e04326c79dfdd32d625aee71d232d685c3/.huggingface.yaml HTTP/1.1" 404 0
DEBUG:urllib3.connectionpool:Starting new HTTPS connection (1): datasets-server.huggingface.co:443
DEBUG:urllib3.connectionpool:https://datasets-server.huggingface.co:443 "GET /info?dataset=wikitext HTTP/1.1" 404 None
DEBUG:urllib3.connectionpool:https://huggingface.co:443 "GET /api/datasets/wikitext/revision/b08601e04326c79dfdd32d625aee71d232d685c3 HTTP/1.1" 307 118
DEBUG:urllib3.connectionpool:https://huggingface.co:443 "GET /api/datasets/Salesforce/wikitext/revision/b08601e04326c79dfdd32d625aee71d232d685c3 HTTP/1.1" 200 5016
DEBUG:urllib3.connectionpool:https://huggingface.co:443 "GET /api/datasets/wikitext/tree/b08601e04326c79dfdd32d625aee71d232d685c3?recursive=False&expand=False HTTP/1.1" 307 143
DEBUG:urllib3.connectionpool:https://huggingface.co:443 "GET /api/datasets/Salesforce/wikitext/tree/b08601e04326c79dfdd32d625aee71d232d685c3?recursive=False&expand=False HTTP/1.1" 200 619
DEBUG:urllib3.connectionpool:https://huggingface.co:443 "POST /api/datasets/wikitext/paths-info/b08601e04326c79dfdd32d625aee71d232d685c3 HTTP/1.1" 307 120
DEBUG:urllib3.connectionpool:https://huggingface.co:443 "POST /api/datasets/Salesforce/wikitext/paths-info/b08601e04326c79dfdd32d625aee71d232d685c3 HTTP/1.1" 200 250
DEBUG:urllib3.connectionpool:https://huggingface.co:443 "GET /api/datasets/wikitext/tree/b08601e04326c79dfdd32d625aee71d232d685c3/wikitext-103-raw-v1?recursive=False&expand=False HTTP/1.1" 307 163
DEBUG:urllib3.connectionpool:https://huggingface.co:443 "GET /api/datasets/Salesforce/wikitext/tree/b08601e04326c79dfdd32d625aee71d232d685c3/wikitext-103-raw-v1?recursive=False&expand=False HTTP/1.1" 200 1017
DEBUG:urllib3.connectionpool:Starting new HTTPS connection (1): huggingface.co:443
DEBUG:urllib3.connectionpool:https://huggingface.co:443 "GET /api/datasets/wikitext/revision/b08601e04326c79dfdd32d625aee71d232d685c3 HTTP/1.1" 307 118
DEBUG:urllib3.connectionpool:https://huggingface.co:443 "GET /api/datasets/Salesforce/wikitext/revision/b08601e04326c79dfdd32d625aee71d232d685c3 HTTP/1.1" 200 5016
DEBUG:urllib3.connectionpool:https://huggingface.co:443 "POST /api/datasets/wikitext/paths-info/b08601e04326c79dfdd32d625aee71d232d685c3 HTTP/1.1" 307 120
DEBUG:urllib3.connectionpool:https://huggingface.co:443 "POST /api/datasets/Salesforce/wikitext/paths-info/b08601e04326c79dfdd32d625aee71d232d685c3 HTTP/1.1" 200 250
DEBUG:urllib3.connectionpool:https://huggingface.co:443 "POST /api/datasets/wikitext/paths-info/b08601e04326c79dfdd32d625aee71d232d685c3 HTTP/1.1" 307 120
DEBUG:urllib3.connectionpool:https://huggingface.co:443 "POST /api/datasets/Salesforce/wikitext/paths-info/b08601e04326c79dfdd32d625aee71d232d685c3 HTTP/1.1" 200 250
DEBUG:urllib3.connectionpool:https://huggingface.co:443 "HEAD /datasets/wikitext/resolve/b08601e04326c79dfdd32d625aee71d232d685c3/dataset_infos.json HTTP/1.1" 307 0
DEBUG:urllib3.connectionpool:https://huggingface.co:443 "HEAD /datasets/Salesforce/wikitext/resolve/b08601e04326c79dfdd32d625aee71d232d685c3/dataset_infos.json HTTP/1.1" 404 0
DEBUG:urllib3.connectionpool:https://huggingface.co:443 "POST /api/datasets/wikitext/paths-info/b08601e04326c79dfdd32d625aee71d232d685c3 HTTP/1.1" 307 120
DEBUG:urllib3.connectionpool:https://huggingface.co:443 "POST /api/datasets/Salesforce/wikitext/paths-info/b08601e04326c79dfdd32d625aee71d232d685c3 HTTP/1.1" 200 248
DEBUG:urllib3.connectionpool:https://huggingface.co:443 "GET /api/datasets/wikitext/tree/b08601e04326c79dfdd32d625aee71d232d685c3/wikitext-2-raw-v1?recursive=False&expand=False HTTP/1.1" 307 161
DEBUG:urllib3.connectionpool:https://huggingface.co:443 "GET /api/datasets/Salesforce/wikitext/tree/b08601e04326c79dfdd32d625aee71d232d685c3/wikitext-2-raw-v1?recursive=False&expand=False HTTP/1.1" 200 751
DEBUG:urllib3.connectionpool:https://huggingface.co:443 "POST /api/datasets/wikitext/paths-info/b08601e04326c79dfdd32d625aee71d232d685c3 HTTP/1.1" 307 120
DEBUG:urllib3.connectionpool:https://huggingface.co:443 "POST /api/datasets/Salesforce/wikitext/paths-info/b08601e04326c79dfdd32d625aee71d232d685c3 HTTP/1.1" 200 248
DEBUG:urllib3.connectionpool:https://huggingface.co:443 "POST /api/datasets/wikitext/paths-info/b08601e04326c79dfdd32d625aee71d232d685c3 HTTP/1.1" 307 120
DEBUG:urllib3.connectionpool:https://huggingface.co:443 "POST /api/datasets/Salesforce/wikitext/paths-info/b08601e04326c79dfdd32d625aee71d232d685c3 HTTP/1.1" 200 248
DEBUG:filelock:Attempting to acquire lock 140354733132912 on /home/intern/.cache/huggingface/datasets/_home_intern_.cache_huggingface_datasets_wikitext_wikitext-2-raw-v1_0.0.0_b08601e04326c79dfdd32d625aee71d232d685c3.lock
DEBUG:filelock:Lock 140354733132912 acquired on /home/intern/.cache/huggingface/datasets/_home_intern_.cache_huggingface_datasets_wikitext_wikitext-2-raw-v1_0.0.0_b08601e04326c79dfdd32d625aee71d232d685c3.lock
DEBUG:fsspec.local:open file: /home/intern/.cache/huggingface/datasets/wikitext/wikitext-2-raw-v1/0.0.0/b08601e04326c79dfdd32d625aee71d232d685c3/dataset_info.json
DEBUG:filelock:Attempting to release lock 140354733132912 on /home/intern/.cache/huggingface/datasets/_home_intern_.cache_huggingface_datasets_wikitext_wikitext-2-raw-v1_0.0.0_b08601e04326c79dfdd32d625aee71d232d685c3.lock
DEBUG:filelock:Lock 140354733132912 released on /home/intern/.cache/huggingface/datasets/_home_intern_.cache_huggingface_datasets_wikitext_wikitext-2-raw-v1_0.0.0_b08601e04326c79dfdd32d625aee71d232d685c3.lock
DEBUG:filelock:Attempting to acquire lock 140354725479136 on /home/intern/.cache/huggingface/datasets/wikitext/wikitext-2-raw-v1/0.0.0/b08601e04326c79dfdd32d625aee71d232d685c3_builder.lock
DEBUG:filelock:Lock 140354725479136 acquired on /home/intern/.cache/huggingface/datasets/wikitext/wikitext-2-raw-v1/0.0.0/b08601e04326c79dfdd32d625aee71d232d685c3_builder.lock
DEBUG:fsspec.local:open file: /home/intern/.cache/huggingface/datasets/wikitext/wikitext-2-raw-v1/0.0.0/b08601e04326c79dfdd32d625aee71d232d685c3/dataset_info.json
DEBUG:filelock:Attempting to release lock 140354725479136 on /home/intern/.cache/huggingface/datasets/wikitext/wikitext-2-raw-v1/0.0.0/b08601e04326c79dfdd32d625aee71d232d685c3_builder.lock
DEBUG:filelock:Lock 140354725479136 released on /home/intern/.cache/huggingface/datasets/wikitext/wikitext-2-raw-v1/0.0.0/b08601e04326c79dfdd32d625aee71d232d685c3_builder.lock
DEBUG:urllib3.connectionpool:https://huggingface.co:443 "HEAD /datasets/wikitext/resolve/main/README.md HTTP/1.1" 307 0
DEBUG:urllib3.connectionpool:https://huggingface.co:443 "HEAD /datasets/Salesforce/wikitext/resolve/main/README.md HTTP/1.1" 200 0
DEBUG:urllib3.connectionpool:https://huggingface.co:443 "HEAD /datasets/wikitext/resolve/b08601e04326c79dfdd32d625aee71d232d685c3/wikitext.py HTTP/1.1" 307 0
DEBUG:urllib3.connectionpool:https://huggingface.co:443 "HEAD /datasets/Salesforce/wikitext/resolve/b08601e04326c79dfdd32d625aee71d232d685c3/wikitext.py HTTP/1.1" 404 0
DEBUG:urllib3.connectionpool:https://s3.amazonaws.com:443 "HEAD /datasets.huggingface.co/datasets/datasets/wikitext/wikitext.py HTTP/1.1" 200 0
DEBUG:urllib3.connectionpool:https://huggingface.co:443 "HEAD /datasets/wikitext/resolve/b08601e04326c79dfdd32d625aee71d232d685c3/.huggingface.yaml HTTP/1.1" 307 0
DEBUG:urllib3.connectionpool:https://huggingface.co:443 "HEAD /datasets/Salesforce/wikitext/resolve/b08601e04326c79dfdd32d625aee71d232d685c3/.huggingface.yaml HTTP/1.1" 404 0
DEBUG:urllib3.connectionpool:https://datasets-server.huggingface.co:443 "GET /info?dataset=wikitext HTTP/1.1" 404 None
DEBUG:urllib3.connectionpool:https://huggingface.co:443 "POST /api/datasets/wikitext/paths-info/b08601e04326c79dfdd32d625aee71d232d685c3 HTTP/1.1" 307 120
DEBUG:urllib3.connectionpool:https://huggingface.co:443 "POST /api/datasets/Salesforce/wikitext/paths-info/b08601e04326c79dfdd32d625aee71d232d685c3 HTTP/1.1" 200 250
DEBUG:urllib3.connectionpool:Starting new HTTPS connection (1): huggingface.co:443
DEBUG:urllib3.connectionpool:https://huggingface.co:443 "GET /api/datasets/wikitext/revision/b08601e04326c79dfdd32d625aee71d232d685c3 HTTP/1.1" 307 118
DEBUG:urllib3.connectionpool:https://huggingface.co:443 "GET /api/datasets/Salesforce/wikitext/revision/b08601e04326c79dfdd32d625aee71d232d685c3 HTTP/1.1" 200 5016
DEBUG:urllib3.connectionpool:https://huggingface.co:443 "POST /api/datasets/wikitext/paths-info/b08601e04326c79dfdd32d625aee71d232d685c3 HTTP/1.1" 307 120
DEBUG:urllib3.connectionpool:https://huggingface.co:443 "POST /api/datasets/Salesforce/wikitext/paths-info/b08601e04326c79dfdd32d625aee71d232d685c3 HTTP/1.1" 200 250
DEBUG:urllib3.connectionpool:https://huggingface.co:443 "POST /api/datasets/wikitext/paths-info/b08601e04326c79dfdd32d625aee71d232d685c3 HTTP/1.1" 307 120
DEBUG:urllib3.connectionpool:https://huggingface.co:443 "POST /api/datasets/Salesforce/wikitext/paths-info/b08601e04326c79dfdd32d625aee71d232d685c3 HTTP/1.1" 200 250
DEBUG:urllib3.connectionpool:https://huggingface.co:443 "HEAD /datasets/wikitext/resolve/b08601e04326c79dfdd32d625aee71d232d685c3/dataset_infos.json HTTP/1.1" 307 0
DEBUG:urllib3.connectionpool:https://huggingface.co:443 "HEAD /datasets/Salesforce/wikitext/resolve/b08601e04326c79dfdd32d625aee71d232d685c3/dataset_infos.json HTTP/1.1" 404 0
DEBUG:urllib3.connectionpool:https://huggingface.co:443 "POST /api/datasets/wikitext/paths-info/b08601e04326c79dfdd32d625aee71d232d685c3 HTTP/1.1" 307 120
DEBUG:urllib3.connectionpool:https://huggingface.co:443 "POST /api/datasets/Salesforce/wikitext/paths-info/b08601e04326c79dfdd32d625aee71d232d685c3 HTTP/1.1" 200 248
DEBUG:urllib3.connectionpool:https://huggingface.co:443 "POST /api/datasets/wikitext/paths-info/b08601e04326c79dfdd32d625aee71d232d685c3 HTTP/1.1" 307 120
DEBUG:urllib3.connectionpool:https://huggingface.co:443 "POST /api/datasets/Salesforce/wikitext/paths-info/b08601e04326c79dfdd32d625aee71d232d685c3 HTTP/1.1" 200 248
DEBUG:urllib3.connectionpool:https://huggingface.co:443 "POST /api/datasets/wikitext/paths-info/b08601e04326c79dfdd32d625aee71d232d685c3 HTTP/1.1" 307 120
DEBUG:urllib3.connectionpool:https://huggingface.co:443 "POST /api/datasets/Salesforce/wikitext/paths-info/b08601e04326c79dfdd32d625aee71d232d685c3 HTTP/1.1" 200 248
DEBUG:filelock:Attempting to acquire lock 140353699805456 on /home/intern/.cache/huggingface/datasets/_home_intern_.cache_huggingface_datasets_wikitext_wikitext-2-raw-v1_0.0.0_b08601e04326c79dfdd32d625aee71d232d685c3.lock
DEBUG:filelock:Lock 140353699805456 acquired on /home/intern/.cache/huggingface/datasets/_home_intern_.cache_huggingface_datasets_wikitext_wikitext-2-raw-v1_0.0.0_b08601e04326c79dfdd32d625aee71d232d685c3.lock
DEBUG:fsspec.local:open file: /home/intern/.cache/huggingface/datasets/wikitext/wikitext-2-raw-v1/0.0.0/b08601e04326c79dfdd32d625aee71d232d685c3/dataset_info.json
DEBUG:filelock:Attempting to release lock 140353699805456 on /home/intern/.cache/huggingface/datasets/_home_intern_.cache_huggingface_datasets_wikitext_wikitext-2-raw-v1_0.0.0_b08601e04326c79dfdd32d625aee71d232d685c3.lock
DEBUG:filelock:Lock 140353699805456 released on /home/intern/.cache/huggingface/datasets/_home_intern_.cache_huggingface_datasets_wikitext_wikitext-2-raw-v1_0.0.0_b08601e04326c79dfdd32d625aee71d232d685c3.lock
DEBUG:filelock:Attempting to acquire lock 140354725481344 on /home/intern/.cache/huggingface/datasets/wikitext/wikitext-2-raw-v1/0.0.0/b08601e04326c79dfdd32d625aee71d232d685c3_builder.lock
DEBUG:filelock:Lock 140354725481344 acquired on /home/intern/.cache/huggingface/datasets/wikitext/wikitext-2-raw-v1/0.0.0/b08601e04326c79dfdd32d625aee71d232d685c3_builder.lock
DEBUG:fsspec.local:open file: /home/intern/.cache/huggingface/datasets/wikitext/wikitext-2-raw-v1/0.0.0/b08601e04326c79dfdd32d625aee71d232d685c3/dataset_info.json
DEBUG:filelock:Attempting to release lock 140354725481344 on /home/intern/.cache/huggingface/datasets/wikitext/wikitext-2-raw-v1/0.0.0/b08601e04326c79dfdd32d625aee71d232d685c3_builder.lock
DEBUG:filelock:Lock 140354725481344 released on /home/intern/.cache/huggingface/datasets/wikitext/wikitext-2-raw-v1/0.0.0/b08601e04326c79dfdd32d625aee71d232d685c3_builder.lock
INFO:__main__:wikitext2 perplexity: 5.47
DEBUG:urllib3.connectionpool:https://huggingface.co:443 "HEAD /datasets/wikitext/resolve/main/README.md HTTP/1.1" 307 0
DEBUG:urllib3.connectionpool:https://huggingface.co:443 "HEAD /datasets/Salesforce/wikitext/resolve/main/README.md HTTP/1.1" 200 0
DEBUG:urllib3.connectionpool:https://huggingface.co:443 "HEAD /datasets/wikitext/resolve/b08601e04326c79dfdd32d625aee71d232d685c3/wikitext.py HTTP/1.1" 307 0
DEBUG:urllib3.connectionpool:https://huggingface.co:443 "HEAD /datasets/Salesforce/wikitext/resolve/b08601e04326c79dfdd32d625aee71d232d685c3/wikitext.py HTTP/1.1" 404 0
DEBUG:urllib3.connectionpool:Starting new HTTPS connection (1): s3.amazonaws.com:443
DEBUG:urllib3.connectionpool:https://s3.amazonaws.com:443 "HEAD /datasets.huggingface.co/datasets/datasets/wikitext/wikitext.py HTTP/1.1" 200 0
DEBUG:urllib3.connectionpool:https://huggingface.co:443 "GET /api/datasets/wikitext/revision/b08601e04326c79dfdd32d625aee71d232d685c3 HTTP/1.1" 307 118
DEBUG:urllib3.connectionpool:https://huggingface.co:443 "GET /api/datasets/Salesforce/wikitext/revision/b08601e04326c79dfdd32d625aee71d232d685c3 HTTP/1.1" 200 5016
DEBUG:urllib3.connectionpool:https://huggingface.co:443 "HEAD /datasets/wikitext/resolve/b08601e04326c79dfdd32d625aee71d232d685c3/.huggingface.yaml HTTP/1.1" 307 0
DEBUG:urllib3.connectionpool:https://huggingface.co:443 "HEAD /datasets/Salesforce/wikitext/resolve/b08601e04326c79dfdd32d625aee71d232d685c3/.huggingface.yaml HTTP/1.1" 404 0
DEBUG:urllib3.connectionpool:Starting new HTTPS connection (1): datasets-server.huggingface.co:443
DEBUG:urllib3.connectionpool:https://datasets-server.huggingface.co:443 "GET /info?dataset=wikitext HTTP/1.1" 404 None
DEBUG:urllib3.connectionpool:https://huggingface.co:443 "GET /api/datasets/wikitext/revision/b08601e04326c79dfdd32d625aee71d232d685c3 HTTP/1.1" 307 118
DEBUG:urllib3.connectionpool:https://huggingface.co:443 "GET /api/datasets/Salesforce/wikitext/revision/b08601e04326c79dfdd32d625aee71d232d685c3 HTTP/1.1" 200 5016
DEBUG:urllib3.connectionpool:https://huggingface.co:443 "GET /api/datasets/wikitext/tree/b08601e04326c79dfdd32d625aee71d232d685c3?recursive=False&expand=False HTTP/1.1" 307 143
DEBUG:urllib3.connectionpool:https://huggingface.co:443 "GET /api/datasets/Salesforce/wikitext/tree/b08601e04326c79dfdd32d625aee71d232d685c3?recursive=False&expand=False HTTP/1.1" 200 619
DEBUG:urllib3.connectionpool:https://huggingface.co:443 "POST /api/datasets/wikitext/paths-info/b08601e04326c79dfdd32d625aee71d232d685c3 HTTP/1.1" 307 120
DEBUG:urllib3.connectionpool:https://huggingface.co:443 "POST /api/datasets/Salesforce/wikitext/paths-info/b08601e04326c79dfdd32d625aee71d232d685c3 HTTP/1.1" 200 250
DEBUG:urllib3.connectionpool:https://huggingface.co:443 "GET /api/datasets/wikitext/tree/b08601e04326c79dfdd32d625aee71d232d685c3/wikitext-103-raw-v1?recursive=False&expand=False HTTP/1.1" 307 163
DEBUG:urllib3.connectionpool:https://huggingface.co:443 "GET /api/datasets/Salesforce/wikitext/tree/b08601e04326c79dfdd32d625aee71d232d685c3/wikitext-103-raw-v1?recursive=False&expand=False HTTP/1.1" 200 1017
DEBUG:urllib3.connectionpool:Starting new HTTPS connection (1): huggingface.co:443
DEBUG:urllib3.connectionpool:https://huggingface.co:443 "GET /api/datasets/wikitext/revision/b08601e04326c79dfdd32d625aee71d232d685c3 HTTP/1.1" 307 118
DEBUG:urllib3.connectionpool:https://huggingface.co:443 "GET /api/datasets/Salesforce/wikitext/revision/b08601e04326c79dfdd32d625aee71d232d685c3 HTTP/1.1" 200 5016
DEBUG:urllib3.connectionpool:https://huggingface.co:443 "POST /api/datasets/wikitext/paths-info/b08601e04326c79dfdd32d625aee71d232d685c3 HTTP/1.1" 307 120
DEBUG:urllib3.connectionpool:https://huggingface.co:443 "POST /api/datasets/Salesforce/wikitext/paths-info/b08601e04326c79dfdd32d625aee71d232d685c3 HTTP/1.1" 200 250
DEBUG:urllib3.connectionpool:https://huggingface.co:443 "POST /api/datasets/wikitext/paths-info/b08601e04326c79dfdd32d625aee71d232d685c3 HTTP/1.1" 307 120
DEBUG:urllib3.connectionpool:https://huggingface.co:443 "POST /api/datasets/Salesforce/wikitext/paths-info/b08601e04326c79dfdd32d625aee71d232d685c3 HTTP/1.1" 200 250
DEBUG:urllib3.connectionpool:https://huggingface.co:443 "HEAD /datasets/wikitext/resolve/b08601e04326c79dfdd32d625aee71d232d685c3/dataset_infos.json HTTP/1.1" 307 0
DEBUG:urllib3.connectionpool:https://huggingface.co:443 "HEAD /datasets/Salesforce/wikitext/resolve/b08601e04326c79dfdd32d625aee71d232d685c3/dataset_infos.json HTTP/1.1" 404 0
DEBUG:urllib3.connectionpool:https://huggingface.co:443 "POST /api/datasets/wikitext/paths-info/b08601e04326c79dfdd32d625aee71d232d685c3 HTTP/1.1" 307 120
DEBUG:urllib3.connectionpool:https://huggingface.co:443 "POST /api/datasets/Salesforce/wikitext/paths-info/b08601e04326c79dfdd32d625aee71d232d685c3 HTTP/1.1" 200 248
DEBUG:urllib3.connectionpool:https://huggingface.co:443 "GET /api/datasets/wikitext/tree/b08601e04326c79dfdd32d625aee71d232d685c3/wikitext-2-raw-v1?recursive=False&expand=False HTTP/1.1" 307 161
DEBUG:urllib3.connectionpool:https://huggingface.co:443 "GET /api/datasets/Salesforce/wikitext/tree/b08601e04326c79dfdd32d625aee71d232d685c3/wikitext-2-raw-v1?recursive=False&expand=False HTTP/1.1" 200 751
DEBUG:urllib3.connectionpool:https://huggingface.co:443 "POST /api/datasets/wikitext/paths-info/b08601e04326c79dfdd32d625aee71d232d685c3 HTTP/1.1" 307 120
DEBUG:urllib3.connectionpool:https://huggingface.co:443 "POST /api/datasets/Salesforce/wikitext/paths-info/b08601e04326c79dfdd32d625aee71d232d685c3 HTTP/1.1" 200 248
DEBUG:urllib3.connectionpool:https://huggingface.co:443 "POST /api/datasets/wikitext/paths-info/b08601e04326c79dfdd32d625aee71d232d685c3 HTTP/1.1" 307 120
DEBUG:urllib3.connectionpool:https://huggingface.co:443 "POST /api/datasets/Salesforce/wikitext/paths-info/b08601e04326c79dfdd32d625aee71d232d685c3 HTTP/1.1" 200 248
DEBUG:filelock:Attempting to acquire lock 140486792694992 on /home/intern/.cache/huggingface/datasets/_home_intern_.cache_huggingface_datasets_wikitext_wikitext-2-raw-v1_0.0.0_b08601e04326c79dfdd32d625aee71d232d685c3.lock
DEBUG:filelock:Lock 140486792694992 acquired on /home/intern/.cache/huggingface/datasets/_home_intern_.cache_huggingface_datasets_wikitext_wikitext-2-raw-v1_0.0.0_b08601e04326c79dfdd32d625aee71d232d685c3.lock
DEBUG:fsspec.local:open file: /home/intern/.cache/huggingface/datasets/wikitext/wikitext-2-raw-v1/0.0.0/b08601e04326c79dfdd32d625aee71d232d685c3/dataset_info.json
DEBUG:filelock:Attempting to release lock 140486792694992 on /home/intern/.cache/huggingface/datasets/_home_intern_.cache_huggingface_datasets_wikitext_wikitext-2-raw-v1_0.0.0_b08601e04326c79dfdd32d625aee71d232d685c3.lock
DEBUG:filelock:Lock 140486792694992 released on /home/intern/.cache/huggingface/datasets/_home_intern_.cache_huggingface_datasets_wikitext_wikitext-2-raw-v1_0.0.0_b08601e04326c79dfdd32d625aee71d232d685c3.lock
DEBUG:filelock:Attempting to acquire lock 140486783435584 on /home/intern/.cache/huggingface/datasets/wikitext/wikitext-2-raw-v1/0.0.0/b08601e04326c79dfdd32d625aee71d232d685c3_builder.lock
DEBUG:filelock:Lock 140486783435584 acquired on /home/intern/.cache/huggingface/datasets/wikitext/wikitext-2-raw-v1/0.0.0/b08601e04326c79dfdd32d625aee71d232d685c3_builder.lock
DEBUG:fsspec.local:open file: /home/intern/.cache/huggingface/datasets/wikitext/wikitext-2-raw-v1/0.0.0/b08601e04326c79dfdd32d625aee71d232d685c3/dataset_info.json
DEBUG:filelock:Attempting to release lock 140486783435584 on /home/intern/.cache/huggingface/datasets/wikitext/wikitext-2-raw-v1/0.0.0/b08601e04326c79dfdd32d625aee71d232d685c3_builder.lock
DEBUG:filelock:Lock 140486783435584 released on /home/intern/.cache/huggingface/datasets/wikitext/wikitext-2-raw-v1/0.0.0/b08601e04326c79dfdd32d625aee71d232d685c3_builder.lock
DEBUG:urllib3.connectionpool:https://huggingface.co:443 "HEAD /datasets/wikitext/resolve/main/README.md HTTP/1.1" 307 0
DEBUG:urllib3.connectionpool:https://huggingface.co:443 "HEAD /datasets/Salesforce/wikitext/resolve/main/README.md HTTP/1.1" 200 0
DEBUG:urllib3.connectionpool:https://huggingface.co:443 "HEAD /datasets/wikitext/resolve/b08601e04326c79dfdd32d625aee71d232d685c3/wikitext.py HTTP/1.1" 307 0
DEBUG:urllib3.connectionpool:https://huggingface.co:443 "HEAD /datasets/Salesforce/wikitext/resolve/b08601e04326c79dfdd32d625aee71d232d685c3/wikitext.py HTTP/1.1" 404 0
DEBUG:urllib3.connectionpool:https://s3.amazonaws.com:443 "HEAD /datasets.huggingface.co/datasets/datasets/wikitext/wikitext.py HTTP/1.1" 200 0
DEBUG:urllib3.connectionpool:https://huggingface.co:443 "HEAD /datasets/wikitext/resolve/b08601e04326c79dfdd32d625aee71d232d685c3/.huggingface.yaml HTTP/1.1" 307 0
DEBUG:urllib3.connectionpool:https://huggingface.co:443 "HEAD /datasets/Salesforce/wikitext/resolve/b08601e04326c79dfdd32d625aee71d232d685c3/.huggingface.yaml HTTP/1.1" 404 0
DEBUG:urllib3.connectionpool:https://datasets-server.huggingface.co:443 "GET /info?dataset=wikitext HTTP/1.1" 404 None
DEBUG:urllib3.connectionpool:https://huggingface.co:443 "POST /api/datasets/wikitext/paths-info/b08601e04326c79dfdd32d625aee71d232d685c3 HTTP/1.1" 307 120
DEBUG:urllib3.connectionpool:https://huggingface.co:443 "POST /api/datasets/Salesforce/wikitext/paths-info/b08601e04326c79dfdd32d625aee71d232d685c3 HTTP/1.1" 200 250
DEBUG:urllib3.connectionpool:Starting new HTTPS connection (1): huggingface.co:443
DEBUG:urllib3.connectionpool:https://huggingface.co:443 "GET /api/datasets/wikitext/revision/b08601e04326c79dfdd32d625aee71d232d685c3 HTTP/1.1" 307 118
DEBUG:urllib3.connectionpool:https://huggingface.co:443 "GET /api/datasets/Salesforce/wikitext/revision/b08601e04326c79dfdd32d625aee71d232d685c3 HTTP/1.1" 200 5016
DEBUG:urllib3.connectionpool:https://huggingface.co:443 "POST /api/datasets/wikitext/paths-info/b08601e04326c79dfdd32d625aee71d232d685c3 HTTP/1.1" 307 120
DEBUG:urllib3.connectionpool:https://huggingface.co:443 "POST /api/datasets/Salesforce/wikitext/paths-info/b08601e04326c79dfdd32d625aee71d232d685c3 HTTP/1.1" 200 250
DEBUG:urllib3.connectionpool:https://huggingface.co:443 "POST /api/datasets/wikitext/paths-info/b08601e04326c79dfdd32d625aee71d232d685c3 HTTP/1.1" 307 120
DEBUG:urllib3.connectionpool:https://huggingface.co:443 "POST /api/datasets/Salesforce/wikitext/paths-info/b08601e04326c79dfdd32d625aee71d232d685c3 HTTP/1.1" 200 250
DEBUG:urllib3.connectionpool:https://huggingface.co:443 "HEAD /datasets/wikitext/resolve/b08601e04326c79dfdd32d625aee71d232d685c3/dataset_infos.json HTTP/1.1" 307 0
DEBUG:urllib3.connectionpool:https://huggingface.co:443 "HEAD /datasets/Salesforce/wikitext/resolve/b08601e04326c79dfdd32d625aee71d232d685c3/dataset_infos.json HTTP/1.1" 404 0
DEBUG:urllib3.connectionpool:https://huggingface.co:443 "POST /api/datasets/wikitext/paths-info/b08601e04326c79dfdd32d625aee71d232d685c3 HTTP/1.1" 307 120
DEBUG:urllib3.connectionpool:https://huggingface.co:443 "POST /api/datasets/Salesforce/wikitext/paths-info/b08601e04326c79dfdd32d625aee71d232d685c3 HTTP/1.1" 200 248
DEBUG:urllib3.connectionpool:https://huggingface.co:443 "POST /api/datasets/wikitext/paths-info/b08601e04326c79dfdd32d625aee71d232d685c3 HTTP/1.1" 307 120
DEBUG:urllib3.connectionpool:https://huggingface.co:443 "POST /api/datasets/Salesforce/wikitext/paths-info/b08601e04326c79dfdd32d625aee71d232d685c3 HTTP/1.1" 200 248
DEBUG:urllib3.connectionpool:https://huggingface.co:443 "POST /api/datasets/wikitext/paths-info/b08601e04326c79dfdd32d625aee71d232d685c3 HTTP/1.1" 307 120
DEBUG:urllib3.connectionpool:https://huggingface.co:443 "POST /api/datasets/Salesforce/wikitext/paths-info/b08601e04326c79dfdd32d625aee71d232d685c3 HTTP/1.1" 200 248
DEBUG:filelock:Attempting to acquire lock 140469353658736 on /home/intern/.cache/huggingface/datasets/_home_intern_.cache_huggingface_datasets_wikitext_wikitext-2-raw-v1_0.0.0_b08601e04326c79dfdd32d625aee71d232d685c3.lock
DEBUG:filelock:Lock 140469353658736 acquired on /home/intern/.cache/huggingface/datasets/_home_intern_.cache_huggingface_datasets_wikitext_wikitext-2-raw-v1_0.0.0_b08601e04326c79dfdd32d625aee71d232d685c3.lock
DEBUG:fsspec.local:open file: /home/intern/.cache/huggingface/datasets/wikitext/wikitext-2-raw-v1/0.0.0/b08601e04326c79dfdd32d625aee71d232d685c3/dataset_info.json
DEBUG:filelock:Attempting to release lock 140469353658736 on /home/intern/.cache/huggingface/datasets/_home_intern_.cache_huggingface_datasets_wikitext_wikitext-2-raw-v1_0.0.0_b08601e04326c79dfdd32d625aee71d232d685c3.lock
DEBUG:filelock:Lock 140469353658736 released on /home/intern/.cache/huggingface/datasets/_home_intern_.cache_huggingface_datasets_wikitext_wikitext-2-raw-v1_0.0.0_b08601e04326c79dfdd32d625aee71d232d685c3.lock
DEBUG:filelock:Attempting to acquire lock 140486783438032 on /home/intern/.cache/huggingface/datasets/wikitext/wikitext-2-raw-v1/0.0.0/b08601e04326c79dfdd32d625aee71d232d685c3_builder.lock
DEBUG:filelock:Lock 140486783438032 acquired on /home/intern/.cache/huggingface/datasets/wikitext/wikitext-2-raw-v1/0.0.0/b08601e04326c79dfdd32d625aee71d232d685c3_builder.lock
DEBUG:fsspec.local:open file: /home/intern/.cache/huggingface/datasets/wikitext/wikitext-2-raw-v1/0.0.0/b08601e04326c79dfdd32d625aee71d232d685c3/dataset_info.json
DEBUG:filelock:Attempting to release lock 140486783438032 on /home/intern/.cache/huggingface/datasets/wikitext/wikitext-2-raw-v1/0.0.0/b08601e04326c79dfdd32d625aee71d232d685c3_builder.lock
DEBUG:filelock:Lock 140486783438032 released on /home/intern/.cache/huggingface/datasets/wikitext/wikitext-2-raw-v1/0.0.0/b08601e04326c79dfdd32d625aee71d232d685c3_builder.lock
DEBUG:urllib3.connectionpool:https://huggingface.co:443 "HEAD /datasets/wikitext/resolve/main/README.md HTTP/1.1" 307 0
DEBUG:urllib3.connectionpool:https://huggingface.co:443 "HEAD /datasets/Salesforce/wikitext/resolve/main/README.md HTTP/1.1" 200 0
DEBUG:urllib3.connectionpool:https://huggingface.co:443 "HEAD /datasets/wikitext/resolve/b08601e04326c79dfdd32d625aee71d232d685c3/wikitext.py HTTP/1.1" 307 0
DEBUG:urllib3.connectionpool:https://huggingface.co:443 "HEAD /datasets/Salesforce/wikitext/resolve/b08601e04326c79dfdd32d625aee71d232d685c3/wikitext.py HTTP/1.1" 404 0
DEBUG:urllib3.connectionpool:Starting new HTTPS connection (1): s3.amazonaws.com:443
DEBUG:urllib3.connectionpool:https://s3.amazonaws.com:443 "HEAD /datasets.huggingface.co/datasets/datasets/wikitext/wikitext.py HTTP/1.1" 200 0
DEBUG:urllib3.connectionpool:https://huggingface.co:443 "GET /api/datasets/wikitext/revision/b08601e04326c79dfdd32d625aee71d232d685c3 HTTP/1.1" 307 118
DEBUG:urllib3.connectionpool:https://huggingface.co:443 "GET /api/datasets/Salesforce/wikitext/revision/b08601e04326c79dfdd32d625aee71d232d685c3 HTTP/1.1" 200 5016
DEBUG:urllib3.connectionpool:https://huggingface.co:443 "HEAD /datasets/wikitext/resolve/b08601e04326c79dfdd32d625aee71d232d685c3/.huggingface.yaml HTTP/1.1" 307 0
DEBUG:urllib3.connectionpool:https://huggingface.co:443 "HEAD /datasets/Salesforce/wikitext/resolve/b08601e04326c79dfdd32d625aee71d232d685c3/.huggingface.yaml HTTP/1.1" 404 0
DEBUG:urllib3.connectionpool:Starting new HTTPS connection (1): datasets-server.huggingface.co:443
DEBUG:urllib3.connectionpool:https://datasets-server.huggingface.co:443 "GET /info?dataset=wikitext HTTP/1.1" 404 None
DEBUG:urllib3.connectionpool:https://huggingface.co:443 "GET /api/datasets/wikitext/revision/b08601e04326c79dfdd32d625aee71d232d685c3 HTTP/1.1" 307 118
DEBUG:urllib3.connectionpool:https://huggingface.co:443 "GET /api/datasets/Salesforce/wikitext/revision/b08601e04326c79dfdd32d625aee71d232d685c3 HTTP/1.1" 200 5016
DEBUG:urllib3.connectionpool:https://huggingface.co:443 "GET /api/datasets/wikitext/tree/b08601e04326c79dfdd32d625aee71d232d685c3?recursive=False&expand=False HTTP/1.1" 307 143
DEBUG:urllib3.connectionpool:https://huggingface.co:443 "GET /api/datasets/Salesforce/wikitext/tree/b08601e04326c79dfdd32d625aee71d232d685c3?recursive=False&expand=False HTTP/1.1" 200 619
DEBUG:urllib3.connectionpool:https://huggingface.co:443 "POST /api/datasets/wikitext/paths-info/b08601e04326c79dfdd32d625aee71d232d685c3 HTTP/1.1" 307 120
DEBUG:urllib3.connectionpool:https://huggingface.co:443 "POST /api/datasets/Salesforce/wikitext/paths-info/b08601e04326c79dfdd32d625aee71d232d685c3 HTTP/1.1" 200 250
DEBUG:urllib3.connectionpool:https://huggingface.co:443 "GET /api/datasets/wikitext/tree/b08601e04326c79dfdd32d625aee71d232d685c3/wikitext-103-raw-v1?recursive=False&expand=False HTTP/1.1" 307 163
DEBUG:urllib3.connectionpool:https://huggingface.co:443 "GET /api/datasets/Salesforce/wikitext/tree/b08601e04326c79dfdd32d625aee71d232d685c3/wikitext-103-raw-v1?recursive=False&expand=False HTTP/1.1" 200 1017
DEBUG:urllib3.connectionpool:Starting new HTTPS connection (1): huggingface.co:443
DEBUG:urllib3.connectionpool:https://huggingface.co:443 "GET /api/datasets/wikitext/revision/b08601e04326c79dfdd32d625aee71d232d685c3 HTTP/1.1" 307 118
DEBUG:urllib3.connectionpool:https://huggingface.co:443 "GET /api/datasets/Salesforce/wikitext/revision/b08601e04326c79dfdd32d625aee71d232d685c3 HTTP/1.1" 200 5016
DEBUG:urllib3.connectionpool:https://huggingface.co:443 "POST /api/datasets/wikitext/paths-info/b08601e04326c79dfdd32d625aee71d232d685c3 HTTP/1.1" 307 120
DEBUG:urllib3.connectionpool:https://huggingface.co:443 "POST /api/datasets/Salesforce/wikitext/paths-info/b08601e04326c79dfdd32d625aee71d232d685c3 HTTP/1.1" 200 250
DEBUG:urllib3.connectionpool:https://huggingface.co:443 "POST /api/datasets/wikitext/paths-info/b08601e04326c79dfdd32d625aee71d232d685c3 HTTP/1.1" 307 120
DEBUG:urllib3.connectionpool:https://huggingface.co:443 "POST /api/datasets/Salesforce/wikitext/paths-info/b08601e04326c79dfdd32d625aee71d232d685c3 HTTP/1.1" 200 250
DEBUG:urllib3.connectionpool:https://huggingface.co:443 "HEAD /datasets/wikitext/resolve/b08601e04326c79dfdd32d625aee71d232d685c3/dataset_infos.json HTTP/1.1" 307 0
DEBUG:urllib3.connectionpool:https://huggingface.co:443 "HEAD /datasets/Salesforce/wikitext/resolve/b08601e04326c79dfdd32d625aee71d232d685c3/dataset_infos.json HTTP/1.1" 404 0
DEBUG:urllib3.connectionpool:https://huggingface.co:443 "POST /api/datasets/wikitext/paths-info/b08601e04326c79dfdd32d625aee71d232d685c3 HTTP/1.1" 307 120
DEBUG:urllib3.connectionpool:https://huggingface.co:443 "POST /api/datasets/Salesforce/wikitext/paths-info/b08601e04326c79dfdd32d625aee71d232d685c3 HTTP/1.1" 200 248
DEBUG:urllib3.connectionpool:https://huggingface.co:443 "GET /api/datasets/wikitext/tree/b08601e04326c79dfdd32d625aee71d232d685c3/wikitext-2-raw-v1?recursive=False&expand=False HTTP/1.1" 307 161
DEBUG:urllib3.connectionpool:https://huggingface.co:443 "GET /api/datasets/Salesforce/wikitext/tree/b08601e04326c79dfdd32d625aee71d232d685c3/wikitext-2-raw-v1?recursive=False&expand=False HTTP/1.1" 200 751
DEBUG:urllib3.connectionpool:https://huggingface.co:443 "POST /api/datasets/wikitext/paths-info/b08601e04326c79dfdd32d625aee71d232d685c3 HTTP/1.1" 307 120
DEBUG:urllib3.connectionpool:https://huggingface.co:443 "POST /api/datasets/Salesforce/wikitext/paths-info/b08601e04326c79dfdd32d625aee71d232d685c3 HTTP/1.1" 200 248
DEBUG:urllib3.connectionpool:https://huggingface.co:443 "POST /api/datasets/wikitext/paths-info/b08601e04326c79dfdd32d625aee71d232d685c3 HTTP/1.1" 307 120
DEBUG:urllib3.connectionpool:https://huggingface.co:443 "POST /api/datasets/Salesforce/wikitext/paths-info/b08601e04326c79dfdd32d625aee71d232d685c3 HTTP/1.1" 200 248
DEBUG:filelock:Attempting to acquire lock 140619380313152 on /home/intern/.cache/huggingface/datasets/_home_intern_.cache_huggingface_datasets_wikitext_wikitext-2-raw-v1_0.0.0_b08601e04326c79dfdd32d625aee71d232d685c3.lock
DEBUG:filelock:Lock 140619380313152 acquired on /home/intern/.cache/huggingface/datasets/_home_intern_.cache_huggingface_datasets_wikitext_wikitext-2-raw-v1_0.0.0_b08601e04326c79dfdd32d625aee71d232d685c3.lock
DEBUG:fsspec.local:open file: /home/intern/.cache/huggingface/datasets/wikitext/wikitext-2-raw-v1/0.0.0/b08601e04326c79dfdd32d625aee71d232d685c3/dataset_info.json
DEBUG:filelock:Attempting to release lock 140619380313152 on /home/intern/.cache/huggingface/datasets/_home_intern_.cache_huggingface_datasets_wikitext_wikitext-2-raw-v1_0.0.0_b08601e04326c79dfdd32d625aee71d232d685c3.lock
DEBUG:filelock:Lock 140619380313152 released on /home/intern/.cache/huggingface/datasets/_home_intern_.cache_huggingface_datasets_wikitext_wikitext-2-raw-v1_0.0.0_b08601e04326c79dfdd32d625aee71d232d685c3.lock
DEBUG:filelock:Attempting to acquire lock 140618508763824 on /home/intern/.cache/huggingface/datasets/wikitext/wikitext-2-raw-v1/0.0.0/b08601e04326c79dfdd32d625aee71d232d685c3_builder.lock
DEBUG:filelock:Lock 140618508763824 acquired on /home/intern/.cache/huggingface/datasets/wikitext/wikitext-2-raw-v1/0.0.0/b08601e04326c79dfdd32d625aee71d232d685c3_builder.lock
DEBUG:fsspec.local:open file: /home/intern/.cache/huggingface/datasets/wikitext/wikitext-2-raw-v1/0.0.0/b08601e04326c79dfdd32d625aee71d232d685c3/dataset_info.json
DEBUG:filelock:Attempting to release lock 140618508763824 on /home/intern/.cache/huggingface/datasets/wikitext/wikitext-2-raw-v1/0.0.0/b08601e04326c79dfdd32d625aee71d232d685c3_builder.lock
DEBUG:filelock:Lock 140618508763824 released on /home/intern/.cache/huggingface/datasets/wikitext/wikitext-2-raw-v1/0.0.0/b08601e04326c79dfdd32d625aee71d232d685c3_builder.lock
DEBUG:urllib3.connectionpool:https://huggingface.co:443 "HEAD /datasets/wikitext/resolve/main/README.md HTTP/1.1" 307 0
DEBUG:urllib3.connectionpool:https://huggingface.co:443 "HEAD /datasets/Salesforce/wikitext/resolve/main/README.md HTTP/1.1" 200 0
DEBUG:urllib3.connectionpool:https://huggingface.co:443 "HEAD /datasets/wikitext/resolve/b08601e04326c79dfdd32d625aee71d232d685c3/wikitext.py HTTP/1.1" 307 0
DEBUG:urllib3.connectionpool:https://huggingface.co:443 "HEAD /datasets/Salesforce/wikitext/resolve/b08601e04326c79dfdd32d625aee71d232d685c3/wikitext.py HTTP/1.1" 404 0
DEBUG:urllib3.connectionpool:Resetting dropped connection: s3.amazonaws.com
DEBUG:urllib3.connectionpool:https://s3.amazonaws.com:443 "HEAD /datasets.huggingface.co/datasets/datasets/wikitext/wikitext.py HTTP/1.1" 200 0
DEBUG:urllib3.connectionpool:https://huggingface.co:443 "HEAD /datasets/wikitext/resolve/b08601e04326c79dfdd32d625aee71d232d685c3/.huggingface.yaml HTTP/1.1" 307 0
DEBUG:urllib3.connectionpool:https://huggingface.co:443 "HEAD /datasets/Salesforce/wikitext/resolve/b08601e04326c79dfdd32d625aee71d232d685c3/.huggingface.yaml HTTP/1.1" 404 0
DEBUG:urllib3.connectionpool:https://datasets-server.huggingface.co:443 "GET /info?dataset=wikitext HTTP/1.1" 404 None
DEBUG:urllib3.connectionpool:https://huggingface.co:443 "POST /api/datasets/wikitext/paths-info/b08601e04326c79dfdd32d625aee71d232d685c3 HTTP/1.1" 307 120
DEBUG:urllib3.connectionpool:https://huggingface.co:443 "POST /api/datasets/Salesforce/wikitext/paths-info/b08601e04326c79dfdd32d625aee71d232d685c3 HTTP/1.1" 200 250
DEBUG:urllib3.connectionpool:Starting new HTTPS connection (1): huggingface.co:443
DEBUG:urllib3.connectionpool:https://huggingface.co:443 "GET /api/datasets/wikitext/revision/b08601e04326c79dfdd32d625aee71d232d685c3 HTTP/1.1" 307 118
DEBUG:urllib3.connectionpool:https://huggingface.co:443 "GET /api/datasets/Salesforce/wikitext/revision/b08601e04326c79dfdd32d625aee71d232d685c3 HTTP/1.1" 200 5016
DEBUG:urllib3.connectionpool:https://huggingface.co:443 "POST /api/datasets/wikitext/paths-info/b08601e04326c79dfdd32d625aee71d232d685c3 HTTP/1.1" 307 120
DEBUG:urllib3.connectionpool:https://huggingface.co:443 "POST /api/datasets/Salesforce/wikitext/paths-info/b08601e04326c79dfdd32d625aee71d232d685c3 HTTP/1.1" 200 250
DEBUG:urllib3.connectionpool:https://huggingface.co:443 "POST /api/datasets/wikitext/paths-info/b08601e04326c79dfdd32d625aee71d232d685c3 HTTP/1.1" 307 120
DEBUG:urllib3.connectionpool:https://huggingface.co:443 "POST /api/datasets/Salesforce/wikitext/paths-info/b08601e04326c79dfdd32d625aee71d232d685c3 HTTP/1.1" 200 250
DEBUG:urllib3.connectionpool:https://huggingface.co:443 "HEAD /datasets/wikitext/resolve/b08601e04326c79dfdd32d625aee71d232d685c3/dataset_infos.json HTTP/1.1" 307 0
DEBUG:urllib3.connectionpool:https://huggingface.co:443 "HEAD /datasets/Salesforce/wikitext/resolve/b08601e04326c79dfdd32d625aee71d232d685c3/dataset_infos.json HTTP/1.1" 404 0
DEBUG:urllib3.connectionpool:https://huggingface.co:443 "POST /api/datasets/wikitext/paths-info/b08601e04326c79dfdd32d625aee71d232d685c3 HTTP/1.1" 307 120
DEBUG:urllib3.connectionpool:https://huggingface.co:443 "POST /api/datasets/Salesforce/wikitext/paths-info/b08601e04326c79dfdd32d625aee71d232d685c3 HTTP/1.1" 200 248
DEBUG:urllib3.connectionpool:https://huggingface.co:443 "POST /api/datasets/wikitext/paths-info/b08601e04326c79dfdd32d625aee71d232d685c3 HTTP/1.1" 307 120
DEBUG:urllib3.connectionpool:https://huggingface.co:443 "POST /api/datasets/Salesforce/wikitext/paths-info/b08601e04326c79dfdd32d625aee71d232d685c3 HTTP/1.1" 200 248
DEBUG:urllib3.connectionpool:https://huggingface.co:443 "POST /api/datasets/wikitext/paths-info/b08601e04326c79dfdd32d625aee71d232d685c3 HTTP/1.1" 307 120
DEBUG:urllib3.connectionpool:https://huggingface.co:443 "POST /api/datasets/Salesforce/wikitext/paths-info/b08601e04326c79dfdd32d625aee71d232d685c3 HTTP/1.1" 200 248
DEBUG:filelock:Attempting to acquire lock 140602073844512 on /home/intern/.cache/huggingface/datasets/_home_intern_.cache_huggingface_datasets_wikitext_wikitext-2-raw-v1_0.0.0_b08601e04326c79dfdd32d625aee71d232d685c3.lock
DEBUG:filelock:Lock 140602073844512 acquired on /home/intern/.cache/huggingface/datasets/_home_intern_.cache_huggingface_datasets_wikitext_wikitext-2-raw-v1_0.0.0_b08601e04326c79dfdd32d625aee71d232d685c3.lock
DEBUG:fsspec.local:open file: /home/intern/.cache/huggingface/datasets/wikitext/wikitext-2-raw-v1/0.0.0/b08601e04326c79dfdd32d625aee71d232d685c3/dataset_info.json
DEBUG:filelock:Attempting to release lock 140602073844512 on /home/intern/.cache/huggingface/datasets/_home_intern_.cache_huggingface_datasets_wikitext_wikitext-2-raw-v1_0.0.0_b08601e04326c79dfdd32d625aee71d232d685c3.lock
DEBUG:filelock:Lock 140602073844512 released on /home/intern/.cache/huggingface/datasets/_home_intern_.cache_huggingface_datasets_wikitext_wikitext-2-raw-v1_0.0.0_b08601e04326c79dfdd32d625aee71d232d685c3.lock
DEBUG:filelock:Attempting to acquire lock 140602073856224 on /home/intern/.cache/huggingface/datasets/wikitext/wikitext-2-raw-v1/0.0.0/b08601e04326c79dfdd32d625aee71d232d685c3_builder.lock
DEBUG:filelock:Lock 140602073856224 acquired on /home/intern/.cache/huggingface/datasets/wikitext/wikitext-2-raw-v1/0.0.0/b08601e04326c79dfdd32d625aee71d232d685c3_builder.lock
DEBUG:fsspec.local:open file: /home/intern/.cache/huggingface/datasets/wikitext/wikitext-2-raw-v1/0.0.0/b08601e04326c79dfdd32d625aee71d232d685c3/dataset_info.json
DEBUG:filelock:Attempting to release lock 140602073856224 on /home/intern/.cache/huggingface/datasets/wikitext/wikitext-2-raw-v1/0.0.0/b08601e04326c79dfdd32d625aee71d232d685c3_builder.lock
DEBUG:filelock:Lock 140602073856224 released on /home/intern/.cache/huggingface/datasets/wikitext/wikitext-2-raw-v1/0.0.0/b08601e04326c79dfdd32d625aee71d232d685c3_builder.lock
DEBUG:urllib3.connectionpool:https://huggingface.co:443 "HEAD /datasets/wikitext/resolve/main/README.md HTTP/1.1" 307 0
DEBUG:urllib3.connectionpool:https://huggingface.co:443 "HEAD /datasets/Salesforce/wikitext/resolve/main/README.md HTTP/1.1" 200 0
DEBUG:urllib3.connectionpool:https://huggingface.co:443 "HEAD /datasets/wikitext/resolve/b08601e04326c79dfdd32d625aee71d232d685c3/wikitext.py HTTP/1.1" 307 0
DEBUG:urllib3.connectionpool:https://huggingface.co:443 "HEAD /datasets/Salesforce/wikitext/resolve/b08601e04326c79dfdd32d625aee71d232d685c3/wikitext.py HTTP/1.1" 404 0
DEBUG:urllib3.connectionpool:Starting new HTTPS connection (1): s3.amazonaws.com:443
DEBUG:urllib3.connectionpool:https://s3.amazonaws.com:443 "HEAD /datasets.huggingface.co/datasets/datasets/wikitext/wikitext.py HTTP/1.1" 200 0
DEBUG:urllib3.connectionpool:https://huggingface.co:443 "GET /api/datasets/wikitext/revision/b08601e04326c79dfdd32d625aee71d232d685c3 HTTP/1.1" 307 118
DEBUG:urllib3.connectionpool:https://huggingface.co:443 "GET /api/datasets/Salesforce/wikitext/revision/b08601e04326c79dfdd32d625aee71d232d685c3 HTTP/1.1" 200 5016
DEBUG:urllib3.connectionpool:https://huggingface.co:443 "HEAD /datasets/wikitext/resolve/b08601e04326c79dfdd32d625aee71d232d685c3/.huggingface.yaml HTTP/1.1" 307 0
DEBUG:urllib3.connectionpool:https://huggingface.co:443 "HEAD /datasets/Salesforce/wikitext/resolve/b08601e04326c79dfdd32d625aee71d232d685c3/.huggingface.yaml HTTP/1.1" 404 0
DEBUG:urllib3.connectionpool:Starting new HTTPS connection (1): datasets-server.huggingface.co:443
DEBUG:urllib3.connectionpool:https://datasets-server.huggingface.co:443 "GET /info?dataset=wikitext HTTP/1.1" 404 None
DEBUG:urllib3.connectionpool:https://huggingface.co:443 "GET /api/datasets/wikitext/revision/b08601e04326c79dfdd32d625aee71d232d685c3 HTTP/1.1" 307 118
DEBUG:urllib3.connectionpool:https://huggingface.co:443 "GET /api/datasets/Salesforce/wikitext/revision/b08601e04326c79dfdd32d625aee71d232d685c3 HTTP/1.1" 200 5016
DEBUG:urllib3.connectionpool:https://huggingface.co:443 "GET /api/datasets/wikitext/tree/b08601e04326c79dfdd32d625aee71d232d685c3?recursive=False&expand=False HTTP/1.1" 307 143
DEBUG:urllib3.connectionpool:https://huggingface.co:443 "GET /api/datasets/Salesforce/wikitext/tree/b08601e04326c79dfdd32d625aee71d232d685c3?recursive=False&expand=False HTTP/1.1" 200 619
DEBUG:urllib3.connectionpool:https://huggingface.co:443 "POST /api/datasets/wikitext/paths-info/b08601e04326c79dfdd32d625aee71d232d685c3 HTTP/1.1" 307 120
DEBUG:urllib3.connectionpool:https://huggingface.co:443 "POST /api/datasets/Salesforce/wikitext/paths-info/b08601e04326c79dfdd32d625aee71d232d685c3 HTTP/1.1" 200 250
DEBUG:urllib3.connectionpool:https://huggingface.co:443 "GET /api/datasets/wikitext/tree/b08601e04326c79dfdd32d625aee71d232d685c3/wikitext-103-raw-v1?recursive=False&expand=False HTTP/1.1" 307 163
DEBUG:urllib3.connectionpool:https://huggingface.co:443 "GET /api/datasets/Salesforce/wikitext/tree/b08601e04326c79dfdd32d625aee71d232d685c3/wikitext-103-raw-v1?recursive=False&expand=False HTTP/1.1" 200 1017
DEBUG:urllib3.connectionpool:Starting new HTTPS connection (1): huggingface.co:443
DEBUG:urllib3.connectionpool:https://huggingface.co:443 "GET /api/datasets/wikitext/revision/b08601e04326c79dfdd32d625aee71d232d685c3 HTTP/1.1" 307 118
DEBUG:urllib3.connectionpool:https://huggingface.co:443 "GET /api/datasets/Salesforce/wikitext/revision/b08601e04326c79dfdd32d625aee71d232d685c3 HTTP/1.1" 200 5016
DEBUG:urllib3.connectionpool:https://huggingface.co:443 "POST /api/datasets/wikitext/paths-info/b08601e04326c79dfdd32d625aee71d232d685c3 HTTP/1.1" 307 120
DEBUG:urllib3.connectionpool:https://huggingface.co:443 "POST /api/datasets/Salesforce/wikitext/paths-info/b08601e04326c79dfdd32d625aee71d232d685c3 HTTP/1.1" 200 250
DEBUG:urllib3.connectionpool:https://huggingface.co:443 "POST /api/datasets/wikitext/paths-info/b08601e04326c79dfdd32d625aee71d232d685c3 HTTP/1.1" 307 120
DEBUG:urllib3.connectionpool:https://huggingface.co:443 "POST /api/datasets/Salesforce/wikitext/paths-info/b08601e04326c79dfdd32d625aee71d232d685c3 HTTP/1.1" 200 250
DEBUG:urllib3.connectionpool:https://huggingface.co:443 "HEAD /datasets/wikitext/resolve/b08601e04326c79dfdd32d625aee71d232d685c3/dataset_infos.json HTTP/1.1" 307 0
DEBUG:urllib3.connectionpool:https://huggingface.co:443 "HEAD /datasets/Salesforce/wikitext/resolve/b08601e04326c79dfdd32d625aee71d232d685c3/dataset_infos.json HTTP/1.1" 404 0
DEBUG:urllib3.connectionpool:https://huggingface.co:443 "POST /api/datasets/wikitext/paths-info/b08601e04326c79dfdd32d625aee71d232d685c3 HTTP/1.1" 307 120
DEBUG:urllib3.connectionpool:https://huggingface.co:443 "POST /api/datasets/Salesforce/wikitext/paths-info/b08601e04326c79dfdd32d625aee71d232d685c3 HTTP/1.1" 200 248
DEBUG:urllib3.connectionpool:https://huggingface.co:443 "GET /api/datasets/wikitext/tree/b08601e04326c79dfdd32d625aee71d232d685c3/wikitext-2-raw-v1?recursive=False&expand=False HTTP/1.1" 307 161
DEBUG:urllib3.connectionpool:https://huggingface.co:443 "GET /api/datasets/Salesforce/wikitext/tree/b08601e04326c79dfdd32d625aee71d232d685c3/wikitext-2-raw-v1?recursive=False&expand=False HTTP/1.1" 200 751
DEBUG:urllib3.connectionpool:https://huggingface.co:443 "POST /api/datasets/wikitext/paths-info/b08601e04326c79dfdd32d625aee71d232d685c3 HTTP/1.1" 307 120
DEBUG:urllib3.connectionpool:https://huggingface.co:443 "POST /api/datasets/Salesforce/wikitext/paths-info/b08601e04326c79dfdd32d625aee71d232d685c3 HTTP/1.1" 200 248
DEBUG:urllib3.connectionpool:https://huggingface.co:443 "POST /api/datasets/wikitext/paths-info/b08601e04326c79dfdd32d625aee71d232d685c3 HTTP/1.1" 307 120
DEBUG:urllib3.connectionpool:https://huggingface.co:443 "POST /api/datasets/Salesforce/wikitext/paths-info/b08601e04326c79dfdd32d625aee71d232d685c3 HTTP/1.1" 200 248
DEBUG:filelock:Attempting to acquire lock 140106943308960 on /home/intern/.cache/huggingface/datasets/_home_intern_.cache_huggingface_datasets_wikitext_wikitext-2-raw-v1_0.0.0_b08601e04326c79dfdd32d625aee71d232d685c3.lock
DEBUG:filelock:Lock 140106943308960 acquired on /home/intern/.cache/huggingface/datasets/_home_intern_.cache_huggingface_datasets_wikitext_wikitext-2-raw-v1_0.0.0_b08601e04326c79dfdd32d625aee71d232d685c3.lock
DEBUG:fsspec.local:open file: /home/intern/.cache/huggingface/datasets/wikitext/wikitext-2-raw-v1/0.0.0/b08601e04326c79dfdd32d625aee71d232d685c3/dataset_info.json
DEBUG:filelock:Attempting to release lock 140106943308960 on /home/intern/.cache/huggingface/datasets/_home_intern_.cache_huggingface_datasets_wikitext_wikitext-2-raw-v1_0.0.0_b08601e04326c79dfdd32d625aee71d232d685c3.lock
DEBUG:filelock:Lock 140106943308960 released on /home/intern/.cache/huggingface/datasets/_home_intern_.cache_huggingface_datasets_wikitext_wikitext-2-raw-v1_0.0.0_b08601e04326c79dfdd32d625aee71d232d685c3.lock
DEBUG:filelock:Attempting to acquire lock 140106939204272 on /home/intern/.cache/huggingface/datasets/wikitext/wikitext-2-raw-v1/0.0.0/b08601e04326c79dfdd32d625aee71d232d685c3_builder.lock
DEBUG:filelock:Lock 140106939204272 acquired on /home/intern/.cache/huggingface/datasets/wikitext/wikitext-2-raw-v1/0.0.0/b08601e04326c79dfdd32d625aee71d232d685c3_builder.lock
DEBUG:fsspec.local:open file: /home/intern/.cache/huggingface/datasets/wikitext/wikitext-2-raw-v1/0.0.0/b08601e04326c79dfdd32d625aee71d232d685c3/dataset_info.json
DEBUG:filelock:Attempting to release lock 140106939204272 on /home/intern/.cache/huggingface/datasets/wikitext/wikitext-2-raw-v1/0.0.0/b08601e04326c79dfdd32d625aee71d232d685c3_builder.lock
DEBUG:filelock:Lock 140106939204272 released on /home/intern/.cache/huggingface/datasets/wikitext/wikitext-2-raw-v1/0.0.0/b08601e04326c79dfdd32d625aee71d232d685c3_builder.lock
DEBUG:urllib3.connectionpool:https://huggingface.co:443 "HEAD /datasets/wikitext/resolve/main/README.md HTTP/1.1" 307 0
DEBUG:urllib3.connectionpool:https://huggingface.co:443 "HEAD /datasets/Salesforce/wikitext/resolve/main/README.md HTTP/1.1" 200 0
DEBUG:urllib3.connectionpool:https://huggingface.co:443 "HEAD /datasets/wikitext/resolve/b08601e04326c79dfdd32d625aee71d232d685c3/wikitext.py HTTP/1.1" 307 0
DEBUG:urllib3.connectionpool:https://huggingface.co:443 "HEAD /datasets/Salesforce/wikitext/resolve/b08601e04326c79dfdd32d625aee71d232d685c3/wikitext.py HTTP/1.1" 404 0
DEBUG:urllib3.connectionpool:https://s3.amazonaws.com:443 "HEAD /datasets.huggingface.co/datasets/datasets/wikitext/wikitext.py HTTP/1.1" 200 0
DEBUG:urllib3.connectionpool:https://huggingface.co:443 "HEAD /datasets/wikitext/resolve/b08601e04326c79dfdd32d625aee71d232d685c3/.huggingface.yaml HTTP/1.1" 307 0
DEBUG:urllib3.connectionpool:https://huggingface.co:443 "HEAD /datasets/Salesforce/wikitext/resolve/b08601e04326c79dfdd32d625aee71d232d685c3/.huggingface.yaml HTTP/1.1" 404 0
DEBUG:urllib3.connectionpool:https://datasets-server.huggingface.co:443 "GET /info?dataset=wikitext HTTP/1.1" 404 None
DEBUG:urllib3.connectionpool:https://huggingface.co:443 "POST /api/datasets/wikitext/paths-info/b08601e04326c79dfdd32d625aee71d232d685c3 HTTP/1.1" 307 120
DEBUG:urllib3.connectionpool:https://huggingface.co:443 "POST /api/datasets/Salesforce/wikitext/paths-info/b08601e04326c79dfdd32d625aee71d232d685c3 HTTP/1.1" 200 250
DEBUG:urllib3.connectionpool:Starting new HTTPS connection (1): huggingface.co:443
DEBUG:urllib3.connectionpool:https://huggingface.co:443 "GET /api/datasets/wikitext/revision/b08601e04326c79dfdd32d625aee71d232d685c3 HTTP/1.1" 307 118
DEBUG:urllib3.connectionpool:https://huggingface.co:443 "GET /api/datasets/Salesforce/wikitext/revision/b08601e04326c79dfdd32d625aee71d232d685c3 HTTP/1.1" 200 5016
DEBUG:urllib3.connectionpool:https://huggingface.co:443 "POST /api/datasets/wikitext/paths-info/b08601e04326c79dfdd32d625aee71d232d685c3 HTTP/1.1" 307 120
DEBUG:urllib3.connectionpool:https://huggingface.co:443 "POST /api/datasets/Salesforce/wikitext/paths-info/b08601e04326c79dfdd32d625aee71d232d685c3 HTTP/1.1" 200 250
DEBUG:urllib3.connectionpool:https://huggingface.co:443 "POST /api/datasets/wikitext/paths-info/b08601e04326c79dfdd32d625aee71d232d685c3 HTTP/1.1" 307 120
DEBUG:urllib3.connectionpool:https://huggingface.co:443 "POST /api/datasets/Salesforce/wikitext/paths-info/b08601e04326c79dfdd32d625aee71d232d685c3 HTTP/1.1" 200 250
DEBUG:urllib3.connectionpool:https://huggingface.co:443 "HEAD /datasets/wikitext/resolve/b08601e04326c79dfdd32d625aee71d232d685c3/dataset_infos.json HTTP/1.1" 307 0
DEBUG:urllib3.connectionpool:https://huggingface.co:443 "HEAD /datasets/Salesforce/wikitext/resolve/b08601e04326c79dfdd32d625aee71d232d685c3/dataset_infos.json HTTP/1.1" 404 0
DEBUG:urllib3.connectionpool:https://huggingface.co:443 "POST /api/datasets/wikitext/paths-info/b08601e04326c79dfdd32d625aee71d232d685c3 HTTP/1.1" 307 120
DEBUG:urllib3.connectionpool:https://huggingface.co:443 "POST /api/datasets/Salesforce/wikitext/paths-info/b08601e04326c79dfdd32d625aee71d232d685c3 HTTP/1.1" 200 248
DEBUG:urllib3.connectionpool:https://huggingface.co:443 "POST /api/datasets/wikitext/paths-info/b08601e04326c79dfdd32d625aee71d232d685c3 HTTP/1.1" 307 120
DEBUG:urllib3.connectionpool:https://huggingface.co:443 "POST /api/datasets/Salesforce/wikitext/paths-info/b08601e04326c79dfdd32d625aee71d232d685c3 HTTP/1.1" 200 248
DEBUG:urllib3.connectionpool:https://huggingface.co:443 "POST /api/datasets/wikitext/paths-info/b08601e04326c79dfdd32d625aee71d232d685c3 HTTP/1.1" 307 120
DEBUG:urllib3.connectionpool:https://huggingface.co:443 "POST /api/datasets/Salesforce/wikitext/paths-info/b08601e04326c79dfdd32d625aee71d232d685c3 HTTP/1.1" 200 248
DEBUG:filelock:Attempting to acquire lock 140089636944096 on /home/intern/.cache/huggingface/datasets/_home_intern_.cache_huggingface_datasets_wikitext_wikitext-2-raw-v1_0.0.0_b08601e04326c79dfdd32d625aee71d232d685c3.lock
DEBUG:filelock:Lock 140089636944096 acquired on /home/intern/.cache/huggingface/datasets/_home_intern_.cache_huggingface_datasets_wikitext_wikitext-2-raw-v1_0.0.0_b08601e04326c79dfdd32d625aee71d232d685c3.lock
DEBUG:fsspec.local:open file: /home/intern/.cache/huggingface/datasets/wikitext/wikitext-2-raw-v1/0.0.0/b08601e04326c79dfdd32d625aee71d232d685c3/dataset_info.json
DEBUG:filelock:Attempting to release lock 140089636944096 on /home/intern/.cache/huggingface/datasets/_home_intern_.cache_huggingface_datasets_wikitext_wikitext-2-raw-v1_0.0.0_b08601e04326c79dfdd32d625aee71d232d685c3.lock
DEBUG:filelock:Lock 140089636944096 released on /home/intern/.cache/huggingface/datasets/_home_intern_.cache_huggingface_datasets_wikitext_wikitext-2-raw-v1_0.0.0_b08601e04326c79dfdd32d625aee71d232d685c3.lock
DEBUG:filelock:Attempting to acquire lock 140106939206864 on /home/intern/.cache/huggingface/datasets/wikitext/wikitext-2-raw-v1/0.0.0/b08601e04326c79dfdd32d625aee71d232d685c3_builder.lock
DEBUG:filelock:Lock 140106939206864 acquired on /home/intern/.cache/huggingface/datasets/wikitext/wikitext-2-raw-v1/0.0.0/b08601e04326c79dfdd32d625aee71d232d685c3_builder.lock
DEBUG:fsspec.local:open file: /home/intern/.cache/huggingface/datasets/wikitext/wikitext-2-raw-v1/0.0.0/b08601e04326c79dfdd32d625aee71d232d685c3/dataset_info.json
DEBUG:filelock:Attempting to release lock 140106939206864 on /home/intern/.cache/huggingface/datasets/wikitext/wikitext-2-raw-v1/0.0.0/b08601e04326c79dfdd32d625aee71d232d685c3_builder.lock
DEBUG:filelock:Lock 140106939206864 released on /home/intern/.cache/huggingface/datasets/wikitext/wikitext-2-raw-v1/0.0.0/b08601e04326c79dfdd32d625aee71d232d685c3_builder.lock
INFO:__main__:wikitext2 perplexity: 5.47
DEBUG:urllib3.connectionpool:https://huggingface.co:443 "HEAD /datasets/wikitext/resolve/main/README.md HTTP/1.1" 307 0
DEBUG:urllib3.connectionpool:https://huggingface.co:443 "HEAD /datasets/Salesforce/wikitext/resolve/main/README.md HTTP/1.1" 200 0
DEBUG:urllib3.connectionpool:https://huggingface.co:443 "HEAD /datasets/wikitext/resolve/b08601e04326c79dfdd32d625aee71d232d685c3/wikitext.py HTTP/1.1" 307 0
DEBUG:urllib3.connectionpool:https://huggingface.co:443 "HEAD /datasets/Salesforce/wikitext/resolve/b08601e04326c79dfdd32d625aee71d232d685c3/wikitext.py HTTP/1.1" 404 0
DEBUG:urllib3.connectionpool:Starting new HTTPS connection (1): s3.amazonaws.com:443
DEBUG:urllib3.connectionpool:https://s3.amazonaws.com:443 "HEAD /datasets.huggingface.co/datasets/datasets/wikitext/wikitext.py HTTP/1.1" 200 0
DEBUG:urllib3.connectionpool:https://huggingface.co:443 "GET /api/datasets/wikitext/revision/b08601e04326c79dfdd32d625aee71d232d685c3 HTTP/1.1" 307 118
DEBUG:urllib3.connectionpool:https://huggingface.co:443 "GET /api/datasets/Salesforce/wikitext/revision/b08601e04326c79dfdd32d625aee71d232d685c3 HTTP/1.1" 200 5016
DEBUG:urllib3.connectionpool:https://huggingface.co:443 "HEAD /datasets/wikitext/resolve/b08601e04326c79dfdd32d625aee71d232d685c3/.huggingface.yaml HTTP/1.1" 307 0
DEBUG:urllib3.connectionpool:https://huggingface.co:443 "HEAD /datasets/Salesforce/wikitext/resolve/b08601e04326c79dfdd32d625aee71d232d685c3/.huggingface.yaml HTTP/1.1" 404 0
DEBUG:urllib3.connectionpool:Starting new HTTPS connection (1): datasets-server.huggingface.co:443
DEBUG:urllib3.connectionpool:https://datasets-server.huggingface.co:443 "GET /info?dataset=wikitext HTTP/1.1" 404 None
DEBUG:urllib3.connectionpool:https://huggingface.co:443 "GET /api/datasets/wikitext/revision/b08601e04326c79dfdd32d625aee71d232d685c3 HTTP/1.1" 307 118
DEBUG:urllib3.connectionpool:https://huggingface.co:443 "GET /api/datasets/Salesforce/wikitext/revision/b08601e04326c79dfdd32d625aee71d232d685c3 HTTP/1.1" 200 5016
DEBUG:urllib3.connectionpool:https://huggingface.co:443 "GET /api/datasets/wikitext/tree/b08601e04326c79dfdd32d625aee71d232d685c3?recursive=False&expand=False HTTP/1.1" 307 143
DEBUG:urllib3.connectionpool:https://huggingface.co:443 "GET /api/datasets/Salesforce/wikitext/tree/b08601e04326c79dfdd32d625aee71d232d685c3?recursive=False&expand=False HTTP/1.1" 200 619
DEBUG:urllib3.connectionpool:https://huggingface.co:443 "POST /api/datasets/wikitext/paths-info/b08601e04326c79dfdd32d625aee71d232d685c3 HTTP/1.1" 307 120
DEBUG:urllib3.connectionpool:https://huggingface.co:443 "POST /api/datasets/Salesforce/wikitext/paths-info/b08601e04326c79dfdd32d625aee71d232d685c3 HTTP/1.1" 200 250
DEBUG:urllib3.connectionpool:https://huggingface.co:443 "GET /api/datasets/wikitext/tree/b08601e04326c79dfdd32d625aee71d232d685c3/wikitext-103-raw-v1?recursive=False&expand=False HTTP/1.1" 307 163
DEBUG:urllib3.connectionpool:https://huggingface.co:443 "GET /api/datasets/Salesforce/wikitext/tree/b08601e04326c79dfdd32d625aee71d232d685c3/wikitext-103-raw-v1?recursive=False&expand=False HTTP/1.1" 200 1017
DEBUG:urllib3.connectionpool:Starting new HTTPS connection (1): huggingface.co:443
DEBUG:urllib3.connectionpool:https://huggingface.co:443 "GET /api/datasets/wikitext/revision/b08601e04326c79dfdd32d625aee71d232d685c3 HTTP/1.1" 307 118
DEBUG:urllib3.connectionpool:https://huggingface.co:443 "GET /api/datasets/Salesforce/wikitext/revision/b08601e04326c79dfdd32d625aee71d232d685c3 HTTP/1.1" 200 5016
DEBUG:urllib3.connectionpool:https://huggingface.co:443 "POST /api/datasets/wikitext/paths-info/b08601e04326c79dfdd32d625aee71d232d685c3 HTTP/1.1" 307 120
DEBUG:urllib3.connectionpool:https://huggingface.co:443 "POST /api/datasets/Salesforce/wikitext/paths-info/b08601e04326c79dfdd32d625aee71d232d685c3 HTTP/1.1" 200 250
DEBUG:urllib3.connectionpool:https://huggingface.co:443 "POST /api/datasets/wikitext/paths-info/b08601e04326c79dfdd32d625aee71d232d685c3 HTTP/1.1" 307 120
DEBUG:urllib3.connectionpool:https://huggingface.co:443 "POST /api/datasets/Salesforce/wikitext/paths-info/b08601e04326c79dfdd32d625aee71d232d685c3 HTTP/1.1" 200 250
DEBUG:urllib3.connectionpool:https://huggingface.co:443 "HEAD /datasets/wikitext/resolve/b08601e04326c79dfdd32d625aee71d232d685c3/dataset_infos.json HTTP/1.1" 307 0
DEBUG:urllib3.connectionpool:https://huggingface.co:443 "HEAD /datasets/Salesforce/wikitext/resolve/b08601e04326c79dfdd32d625aee71d232d685c3/dataset_infos.json HTTP/1.1" 404 0
DEBUG:urllib3.connectionpool:https://huggingface.co:443 "POST /api/datasets/wikitext/paths-info/b08601e04326c79dfdd32d625aee71d232d685c3 HTTP/1.1" 307 120
DEBUG:urllib3.connectionpool:https://huggingface.co:443 "POST /api/datasets/Salesforce/wikitext/paths-info/b08601e04326c79dfdd32d625aee71d232d685c3 HTTP/1.1" 200 248
DEBUG:urllib3.connectionpool:https://huggingface.co:443 "GET /api/datasets/wikitext/tree/b08601e04326c79dfdd32d625aee71d232d685c3/wikitext-2-raw-v1?recursive=False&expand=False HTTP/1.1" 307 161
DEBUG:urllib3.connectionpool:https://huggingface.co:443 "GET /api/datasets/Salesforce/wikitext/tree/b08601e04326c79dfdd32d625aee71d232d685c3/wikitext-2-raw-v1?recursive=False&expand=False HTTP/1.1" 200 751
DEBUG:urllib3.connectionpool:https://huggingface.co:443 "POST /api/datasets/wikitext/paths-info/b08601e04326c79dfdd32d625aee71d232d685c3 HTTP/1.1" 307 120
DEBUG:urllib3.connectionpool:https://huggingface.co:443 "POST /api/datasets/Salesforce/wikitext/paths-info/b08601e04326c79dfdd32d625aee71d232d685c3 HTTP/1.1" 200 248
DEBUG:urllib3.connectionpool:https://huggingface.co:443 "POST /api/datasets/wikitext/paths-info/b08601e04326c79dfdd32d625aee71d232d685c3 HTTP/1.1" 307 120
DEBUG:urllib3.connectionpool:https://huggingface.co:443 "POST /api/datasets/Salesforce/wikitext/paths-info/b08601e04326c79dfdd32d625aee71d232d685c3 HTTP/1.1" 200 248
DEBUG:filelock:Attempting to acquire lock 139974337875296 on /home/intern/.cache/huggingface/datasets/_home_intern_.cache_huggingface_datasets_wikitext_wikitext-2-raw-v1_0.0.0_b08601e04326c79dfdd32d625aee71d232d685c3.lock
DEBUG:filelock:Lock 139974337875296 acquired on /home/intern/.cache/huggingface/datasets/_home_intern_.cache_huggingface_datasets_wikitext_wikitext-2-raw-v1_0.0.0_b08601e04326c79dfdd32d625aee71d232d685c3.lock
DEBUG:fsspec.local:open file: /home/intern/.cache/huggingface/datasets/wikitext/wikitext-2-raw-v1/0.0.0/b08601e04326c79dfdd32d625aee71d232d685c3/dataset_info.json
DEBUG:filelock:Attempting to release lock 139974337875296 on /home/intern/.cache/huggingface/datasets/_home_intern_.cache_huggingface_datasets_wikitext_wikitext-2-raw-v1_0.0.0_b08601e04326c79dfdd32d625aee71d232d685c3.lock
DEBUG:filelock:Lock 139974337875296 released on /home/intern/.cache/huggingface/datasets/_home_intern_.cache_huggingface_datasets_wikitext_wikitext-2-raw-v1_0.0.0_b08601e04326c79dfdd32d625aee71d232d685c3.lock
DEBUG:filelock:Attempting to acquire lock 139974333875008 on /home/intern/.cache/huggingface/datasets/wikitext/wikitext-2-raw-v1/0.0.0/b08601e04326c79dfdd32d625aee71d232d685c3_builder.lock
DEBUG:filelock:Lock 139974333875008 acquired on /home/intern/.cache/huggingface/datasets/wikitext/wikitext-2-raw-v1/0.0.0/b08601e04326c79dfdd32d625aee71d232d685c3_builder.lock
DEBUG:fsspec.local:open file: /home/intern/.cache/huggingface/datasets/wikitext/wikitext-2-raw-v1/0.0.0/b08601e04326c79dfdd32d625aee71d232d685c3/dataset_info.json
DEBUG:filelock:Attempting to release lock 139974333875008 on /home/intern/.cache/huggingface/datasets/wikitext/wikitext-2-raw-v1/0.0.0/b08601e04326c79dfdd32d625aee71d232d685c3_builder.lock
DEBUG:filelock:Lock 139974333875008 released on /home/intern/.cache/huggingface/datasets/wikitext/wikitext-2-raw-v1/0.0.0/b08601e04326c79dfdd32d625aee71d232d685c3_builder.lock
DEBUG:urllib3.connectionpool:https://huggingface.co:443 "HEAD /datasets/wikitext/resolve/main/README.md HTTP/1.1" 307 0
DEBUG:urllib3.connectionpool:https://huggingface.co:443 "HEAD /datasets/Salesforce/wikitext/resolve/main/README.md HTTP/1.1" 200 0
DEBUG:urllib3.connectionpool:https://huggingface.co:443 "HEAD /datasets/wikitext/resolve/b08601e04326c79dfdd32d625aee71d232d685c3/wikitext.py HTTP/1.1" 307 0
DEBUG:urllib3.connectionpool:https://huggingface.co:443 "HEAD /datasets/Salesforce/wikitext/resolve/b08601e04326c79dfdd32d625aee71d232d685c3/wikitext.py HTTP/1.1" 404 0
DEBUG:urllib3.connectionpool:https://s3.amazonaws.com:443 "HEAD /datasets.huggingface.co/datasets/datasets/wikitext/wikitext.py HTTP/1.1" 200 0
DEBUG:urllib3.connectionpool:https://huggingface.co:443 "HEAD /datasets/wikitext/resolve/b08601e04326c79dfdd32d625aee71d232d685c3/.huggingface.yaml HTTP/1.1" 307 0
DEBUG:urllib3.connectionpool:https://huggingface.co:443 "HEAD /datasets/Salesforce/wikitext/resolve/b08601e04326c79dfdd32d625aee71d232d685c3/.huggingface.yaml HTTP/1.1" 404 0
DEBUG:urllib3.connectionpool:https://datasets-server.huggingface.co:443 "GET /info?dataset=wikitext HTTP/1.1" 404 None
DEBUG:urllib3.connectionpool:https://huggingface.co:443 "POST /api/datasets/wikitext/paths-info/b08601e04326c79dfdd32d625aee71d232d685c3 HTTP/1.1" 307 120
DEBUG:urllib3.connectionpool:https://huggingface.co:443 "POST /api/datasets/Salesforce/wikitext/paths-info/b08601e04326c79dfdd32d625aee71d232d685c3 HTTP/1.1" 200 250
DEBUG:urllib3.connectionpool:Starting new HTTPS connection (1): huggingface.co:443
DEBUG:urllib3.connectionpool:https://huggingface.co:443 "GET /api/datasets/wikitext/revision/b08601e04326c79dfdd32d625aee71d232d685c3 HTTP/1.1" 307 118
DEBUG:urllib3.connectionpool:https://huggingface.co:443 "GET /api/datasets/Salesforce/wikitext/revision/b08601e04326c79dfdd32d625aee71d232d685c3 HTTP/1.1" 200 5016
DEBUG:urllib3.connectionpool:https://huggingface.co:443 "POST /api/datasets/wikitext/paths-info/b08601e04326c79dfdd32d625aee71d232d685c3 HTTP/1.1" 307 120
DEBUG:urllib3.connectionpool:https://huggingface.co:443 "POST /api/datasets/Salesforce/wikitext/paths-info/b08601e04326c79dfdd32d625aee71d232d685c3 HTTP/1.1" 200 250
DEBUG:urllib3.connectionpool:https://huggingface.co:443 "POST /api/datasets/wikitext/paths-info/b08601e04326c79dfdd32d625aee71d232d685c3 HTTP/1.1" 307 120
DEBUG:urllib3.connectionpool:https://huggingface.co:443 "POST /api/datasets/Salesforce/wikitext/paths-info/b08601e04326c79dfdd32d625aee71d232d685c3 HTTP/1.1" 200 250
DEBUG:urllib3.connectionpool:https://huggingface.co:443 "HEAD /datasets/wikitext/resolve/b08601e04326c79dfdd32d625aee71d232d685c3/dataset_infos.json HTTP/1.1" 307 0
DEBUG:urllib3.connectionpool:https://huggingface.co:443 "HEAD /datasets/Salesforce/wikitext/resolve/b08601e04326c79dfdd32d625aee71d232d685c3/dataset_infos.json HTTP/1.1" 404 0
DEBUG:urllib3.connectionpool:https://huggingface.co:443 "POST /api/datasets/wikitext/paths-info/b08601e04326c79dfdd32d625aee71d232d685c3 HTTP/1.1" 307 120
DEBUG:urllib3.connectionpool:https://huggingface.co:443 "POST /api/datasets/Salesforce/wikitext/paths-info/b08601e04326c79dfdd32d625aee71d232d685c3 HTTP/1.1" 200 248
DEBUG:urllib3.connectionpool:https://huggingface.co:443 "POST /api/datasets/wikitext/paths-info/b08601e04326c79dfdd32d625aee71d232d685c3 HTTP/1.1" 307 120
DEBUG:urllib3.connectionpool:https://huggingface.co:443 "POST /api/datasets/Salesforce/wikitext/paths-info/b08601e04326c79dfdd32d625aee71d232d685c3 HTTP/1.1" 200 248
DEBUG:urllib3.connectionpool:https://huggingface.co:443 "POST /api/datasets/wikitext/paths-info/b08601e04326c79dfdd32d625aee71d232d685c3 HTTP/1.1" 307 120
DEBUG:urllib3.connectionpool:https://huggingface.co:443 "POST /api/datasets/Salesforce/wikitext/paths-info/b08601e04326c79dfdd32d625aee71d232d685c3 HTTP/1.1" 200 248
DEBUG:filelock:Attempting to acquire lock 139957066447312 on /home/intern/.cache/huggingface/datasets/_home_intern_.cache_huggingface_datasets_wikitext_wikitext-2-raw-v1_0.0.0_b08601e04326c79dfdd32d625aee71d232d685c3.lock
DEBUG:filelock:Lock 139957066447312 acquired on /home/intern/.cache/huggingface/datasets/_home_intern_.cache_huggingface_datasets_wikitext_wikitext-2-raw-v1_0.0.0_b08601e04326c79dfdd32d625aee71d232d685c3.lock
DEBUG:fsspec.local:open file: /home/intern/.cache/huggingface/datasets/wikitext/wikitext-2-raw-v1/0.0.0/b08601e04326c79dfdd32d625aee71d232d685c3/dataset_info.json
DEBUG:filelock:Attempting to release lock 139957066447312 on /home/intern/.cache/huggingface/datasets/_home_intern_.cache_huggingface_datasets_wikitext_wikitext-2-raw-v1_0.0.0_b08601e04326c79dfdd32d625aee71d232d685c3.lock
DEBUG:filelock:Lock 139957066447312 released on /home/intern/.cache/huggingface/datasets/_home_intern_.cache_huggingface_datasets_wikitext_wikitext-2-raw-v1_0.0.0_b08601e04326c79dfdd32d625aee71d232d685c3.lock
DEBUG:filelock:Attempting to acquire lock 139974333876496 on /home/intern/.cache/huggingface/datasets/wikitext/wikitext-2-raw-v1/0.0.0/b08601e04326c79dfdd32d625aee71d232d685c3_builder.lock
DEBUG:filelock:Lock 139974333876496 acquired on /home/intern/.cache/huggingface/datasets/wikitext/wikitext-2-raw-v1/0.0.0/b08601e04326c79dfdd32d625aee71d232d685c3_builder.lock
DEBUG:fsspec.local:open file: /home/intern/.cache/huggingface/datasets/wikitext/wikitext-2-raw-v1/0.0.0/b08601e04326c79dfdd32d625aee71d232d685c3/dataset_info.json
DEBUG:filelock:Attempting to release lock 139974333876496 on /home/intern/.cache/huggingface/datasets/wikitext/wikitext-2-raw-v1/0.0.0/b08601e04326c79dfdd32d625aee71d232d685c3_builder.lock
DEBUG:filelock:Lock 139974333876496 released on /home/intern/.cache/huggingface/datasets/wikitext/wikitext-2-raw-v1/0.0.0/b08601e04326c79dfdd32d625aee71d232d685c3_builder.lock
INFO:__main__:wikitext2 perplexity: 5.47
